<html>
<body>
<pre>
<h1>µVision Build Log</h1>
<h2>Tool Versions:</h2>
IDE-Version: ¦ÌVision V5.14.0.0
Copyright (C) 2015 ARM Ltd and ARM Germany GmbH. All rights reserved.
License Information: 21 21, 11, LIC=SDA0P-MX3Q7-QDTKD-8WBLQ-FG89J-56764
 
Tool Versions:
Toolchain:       MDK-ARM Standard  Version: 5.14.0.0
Toolchain Path:  D:\keil5\ARM\ARMCC\Bin
C Compiler:      Armcc.exe V5.05 update 1 (build 106)
Assembler:       Armasm.exe V5.05 update 1 (build 106)
Linker/Locator:  ArmLink.exe V5.05 update 1 (build 106)
Library Manager: ArmAr.exe V5.05 update 1 (build 106)
Hex Converter:   FromElf.exe V5.05 update 1 (build 106)
CPU DLL:         SARMCM3.DLL V5.14.0.0
Dialog DLL:      DCM.DLL V1.13.1.0
Target DLL:      STLink\ST-LINKIII-KEIL_SWO.dll V2.0.14.0_KEIL
Dialog DLL:      TCM.DLL V1.14.4.0
 
<h2>Project:</h2>
C:\Users\Lenovo\Desktop\graduate_design\stm32\FreeRtos\USER\LED.uvprojx
Project File Date:  04/04/2023

<h2>Output:</h2>
Build target 'LED'
compiling main.c...
..\GUI\gui.h(4): warning:  #1295-D: Deprecated declaration main_manu_1 - give arg types
  void main_manu_1();
..\GUI\gui.h(6): warning:  #1295-D: Deprecated declaration main_manu_2 - give arg types
  void main_manu_2();
..\GUI\gui.h(8): warning:  #1295-D: Deprecated declaration main_manu_3 - give arg types
  void main_manu_3();
..\GUI\gui.h(12): warning:  #1295-D: Deprecated declaration adjust_background_light - give arg types
  void adjust_background_light();
..\GUI\gui.h(18): warning:  #1-D: last line of file ends without a newline
  #endif
main.c(35): warning:  #177-D: variable "j" was declared but never referenced
        int j,i;
main.c(35): warning:  #177-D: variable "i" was declared but never referenced
        int j,i;
main.c(172): warning:  #177-D: variable "i" was declared but never referenced
          int i;
main.c(232): warning:  #177-D: variable "i" was declared but never referenced
          int i;
main.c: 9 warnings, 0 errors
compiling key.c...
compiling pwm.c...
compiling lcd.c...
compiling gui.c...
..\GUI\gui.h(4): warning:  #1295-D: Deprecated declaration main_manu_1 - give arg types
  void main_manu_1();
..\GUI\gui.h(6): warning:  #1295-D: Deprecated declaration main_manu_2 - give arg types
  void main_manu_2();
..\GUI\gui.h(8): warning:  #1295-D: Deprecated declaration main_manu_3 - give arg types
  void main_manu_3();
..\GUI\gui.h(12): warning:  #1295-D: Deprecated declaration adjust_background_light - give arg types
  void adjust_background_light();
..\GUI\gui.h(18): warning:  #1-D: last line of file ends without a newline
  #endif
..\GUI\gui.c: 5 warnings, 0 errors
linking...
Program Size: Code=14038 RO-data=171846 RW-data=196 ZI-data=78940  
FromELF: creating hex file...
"..\OBJ\LED.axf" - 0 Error(s), 14 Warning(s).

<h2>Collection of Component include folders:</h2>
  C:\Users\Lenovo\Desktop\graduate_design\stm32\FreeRtos\USER\RTE
  D:\keil5\ARM\PACK\Keil\STM32F4xx_DFP\2.15.0

<h2>Collection of Component Files used:</h2>
</pre>
</body>
</html>
