Component: ARM Compiler 5.05 update 1 (build 106) Tool: armlink [4d0efa]

==============================================================================

Section Cross References

    main.o(i.app_task1) refers to main.o(i.init_main) for init_main
    main.o(i.app_task1) refers to delay.o(i.delay_ms) for delay_ms
    main.o(i.app_task1) refers to key.o(i.KEY_Scan) for KEY_Scan
    main.o(i.app_task1) refers to gui.o(i.main_manu_1) for main_manu_1
    main.o(i.app_task1) refers to gui.o(i.main_manu_2) for main_manu_2
    main.o(i.app_task1) refers to gui.o(i.main_manu_3) for main_manu_3
    main.o(i.app_task1) refers to tasks.o(i.vTaskResume) for vTaskResume
    main.o(i.app_task1) refers to tasks.o(i.vTaskSuspend) for vTaskSuspend
    main.o(i.app_task1) refers to main.o(.data) for flag
    main.o(i.app_task2) refers to main.o(i.init_setting) for init_setting
    main.o(i.app_task2) refers to key.o(i.KEY_Scan) for KEY_Scan
    main.o(i.app_task2) refers to gui.o(i.train_move) for train_move
    main.o(i.app_task2) refers to gui.o(i.adjust_background_light) for adjust_background_light
    main.o(i.app_task2) refers to tasks.o(i.vTaskResume) for vTaskResume
    main.o(i.app_task2) refers to main.o(.data) for flag
    main.o(i.app_task3) refers to lcd.o(i.LCD_Fill) for LCD_Fill
    main.o(i.app_task3) refers to lcd.o(i.LCD_ShowString) for LCD_ShowString
    main.o(i.app_task3) refers to delay.o(i.delay_ms) for delay_ms
    main.o(i.app_task3) refers to tasks.o(i.vTaskResume) for vTaskResume
    main.o(i.app_task3) refers to main.o(.data) for flag
    main.o(i.app_task4) refers to main.o(i.init_train) for init_train
    main.o(i.app_task4) refers to key.o(i.KEY_Scan) for KEY_Scan
    main.o(i.app_task4) refers to gui.o(i.train_move) for train_move
    main.o(i.app_task4) refers to tasks.o(i.vTaskResume) for vTaskResume
    main.o(i.app_task4) refers to main.o(.data) for flag
    main.o(i.init_main) refers to lcd.o(i.LCD_Fill) for LCD_Fill
    main.o(i.init_main) refers to gui.o(i.main_manu_1) for main_manu_1
    main.o(i.init_main) refers to main.o(.data) for fuc
    main.o(i.init_setting) refers to lcd.o(i.LCD_Fill) for LCD_Fill
    main.o(i.init_setting) refers to lcd.o(i.LCD_ShowString) for LCD_ShowString
    main.o(i.init_setting) refers to gui.o(i.train_move) for train_move
    main.o(i.init_train) refers to lcd.o(i.LCD_Fill) for LCD_Fill
    main.o(i.init_train) refers to lcd.o(i.LCD_ShowString) for LCD_ShowString
    main.o(i.init_train) refers to gui.o(i.train_move) for train_move
    main.o(i.main) refers to delay.o(i.delay_init) for delay_init
    main.o(i.main) refers to led.o(i.LED_Init) for LED_Init
    main.o(i.main) refers to lcd.o(i.LCD_Init) for LCD_Init
    main.o(i.main) refers to key.o(i.KEY_Init) for KEY_Init
    main.o(i.main) refers to pwm.o(i.TIM3_PWM_Init) for TIM3_PWM_Init
    main.o(i.main) refers to stm32f4xx_tim.o(i.TIM_SetCompare1) for TIM_SetCompare1
    main.o(i.main) refers to tasks.o(i.xTaskCreate) for xTaskCreate
    main.o(i.main) refers to tasks.o(i.vTaskSuspend) for vTaskSuspend
    main.o(i.main) refers to tasks.o(i.vTaskStartScheduler) for vTaskStartScheduler
    main.o(i.main) refers to main.o(.data) for app_task1_handle1
    main.o(i.main) refers to main.o(i.app_task1) for app_task1
    main.o(i.main) refers to main.o(i.app_task2) for app_task2
    main.o(i.main) refers to main.o(i.app_task3) for app_task3
    main.o(i.main) refers to main.o(i.app_task4) for app_task4
    system_stm32f4xx.o(i.SystemCoreClockUpdate) refers to system_stm32f4xx.o(.data) for SystemCoreClock
    system_stm32f4xx.o(i.SystemInit) refers to system_stm32f4xx.o(i.SetSysClock) for SetSysClock
    led.o(i.LED_Init) refers to stm32f4xx_rcc.o(i.RCC_AHB1PeriphClockCmd) for RCC_AHB1PeriphClockCmd
    led.o(i.LED_Init) refers to stm32f4xx_gpio.o(i.GPIO_Init) for GPIO_Init
    led.o(i.LED_Init) refers to stm32f4xx_gpio.o(i.GPIO_SetBits) for GPIO_SetBits
    key.o(i.KEY_Init) refers to stm32f4xx_rcc.o(i.RCC_AHB1PeriphClockCmd) for RCC_AHB1PeriphClockCmd
    key.o(i.KEY_Init) refers to stm32f4xx_gpio.o(i.GPIO_Init) for GPIO_Init
    key.o(i.KEY_Scan) refers to stm32f4xx_gpio.o(i.GPIO_ReadInputDataBit) for GPIO_ReadInputDataBit
    key.o(i.KEY_Scan) refers to delay.o(i.delay_ms) for delay_ms
    key.o(i.KEY_Scan) refers to key.o(.data) for key_up
    pwm.o(i.TIM14_PWM_Init) refers to stm32f4xx_rcc.o(i.RCC_APB1PeriphClockCmd) for RCC_APB1PeriphClockCmd
    pwm.o(i.TIM14_PWM_Init) refers to stm32f4xx_rcc.o(i.RCC_AHB1PeriphClockCmd) for RCC_AHB1PeriphClockCmd
    pwm.o(i.TIM14_PWM_Init) refers to stm32f4xx_gpio.o(i.GPIO_PinAFConfig) for GPIO_PinAFConfig
    pwm.o(i.TIM14_PWM_Init) refers to stm32f4xx_gpio.o(i.GPIO_Init) for GPIO_Init
    pwm.o(i.TIM14_PWM_Init) refers to stm32f4xx_tim.o(i.TIM_TimeBaseInit) for TIM_TimeBaseInit
    pwm.o(i.TIM14_PWM_Init) refers to stm32f4xx_tim.o(i.TIM_OC1Init) for TIM_OC1Init
[...]
    ..\\FWLIB\\src\\stm32f4xx_spi.c          0x00000000   Number         0  stm32f4xx_spi.o ABSOLUTE
    ..\\FWLIB\\src\\stm32f4xx_syscfg.c       0x00000000   Number         0  stm32f4xx_syscfg.o ABSOLUTE
    ..\\FWLIB\\src\\stm32f4xx_tim.c          0x00000000   Number         0  stm32f4xx_tim.o ABSOLUTE
    ..\\FWLIB\\src\\stm32f4xx_usart.c        0x00000000   Number         0  stm32f4xx_usart.o ABSOLUTE
    ..\\FreeRTOS\\portable\\RVDS\\ARM_CM4F\\port.c 0x00000000   Number         0  port.o ABSOLUTE
    ..\\GUI\\gui.c                           0x00000000   Number         0  gui.o ABSOLUTE
    ..\\HARDWARE\\KEY\\key.c                 0x00000000   Number         0  key.o ABSOLUTE
    ..\\HARDWARE\\LCD\\lcd.c                 0x00000000   Number         0  lcd.o ABSOLUTE
    ..\\HARDWARE\\LED\\led.c                 0x00000000   Number         0  led.o ABSOLUTE
    ..\\HARDWARE\\PWM\\pwm.c                 0x00000000   Number         0  pwm.o ABSOLUTE
    ..\\HARDWARE\\SPI\\spi.c                 0x00000000   Number         0  spi.o ABSOLUTE
    ..\\SYSTEM\\delay\\delay.c               0x00000000   Number         0  delay.o ABSOLUTE
    ..\\SYSTEM\\sys\\sys.c                   0x00000000   Number         0  sys.o ABSOLUTE
    ..\\SYSTEM\\usart\\usart.c               0x00000000   Number         0  usart.o ABSOLUTE
    dc.s                                     0x00000000   Number         0  dc.o ABSOLUTE
    main.c                                   0x00000000   Number         0  main.o ABSOLUTE
    main.c                                   0x00000000   Number         0  main.o ABSOLUTE
    stm32f4xx_it.c                           0x00000000   Number         0  stm32f4xx_it.o ABSOLUTE
    stm32f4xx_it.c                           0x00000000   Number         0  stm32f4xx_it.o ABSOLUTE
    system_stm32f4xx.c                       0x00000000   Number         0  system_stm32f4xx.o ABSOLUTE
    system_stm32f4xx.c                       0x00000000   Number         0  system_stm32f4xx.o ABSOLUTE
    RESET                                    0x08000000   Section      392  startup_stm32f40_41xxx.o(RESET)
    !!!main                                  0x08000188   Section        8  __main.o(!!!main)
    !!!scatter                               0x08000190   Section       52  __scatter.o(!!!scatter)
    !!handler_copy                           0x080001c4   Section       26  __scatter_copy.o(!!handler_copy)
    !!handler_zi                             0x080001e0   Section       28  __scatter_zi.o(!!handler_zi)
    .ARM.Collect$$libinit$$00000000          0x080001fc   Section        2  libinit.o(.ARM.Collect$$libinit$$00000000)
    .ARM.Collect$$libinit$$00000001          0x080001fe   Section        4  libinit2.o(.ARM.Collect$$libinit$$00000001)
    .ARM.Collect$$libinit$$00000004          0x08000202   Section        0  libinit2.o(.ARM.Collect$$libinit$$00000004)
    .ARM.Collect$$libinit$$0000000A          0x08000202   Section        0  libinit2.o(.ARM.Collect$$libinit$$0000000A)
    .ARM.Collect$$libinit$$0000000C          0x08000202   Section        0  libinit2.o(.ARM.Collect$$libinit$$0000000C)
    .ARM.Collect$$libinit$$0000000E          0x08000202   Section        0  libinit2.o(.ARM.Collect$$libinit$$0000000E)
    .ARM.Collect$$libinit$$00000011          0x08000202   Section        0  libinit2.o(.ARM.Collect$$libinit$$00000011)
    .ARM.Collect$$libinit$$00000013          0x08000202   Section        0  libinit2.o(.ARM.Collect$$libinit$$00000013)
    .ARM.Collect$$libinit$$00000015          0x08000202   Section        0  libinit2.o(.ARM.Collect$$libinit$$00000015)
    .ARM.Collect$$libinit$$00000017          0x08000202   Section        0  libinit2.o(.ARM.Collect$$libinit$$00000017)
    .ARM.Collect$$libinit$$00000019          0x08000202   Section        0  libinit2.o(.ARM.Collect$$libinit$$00000019)
    .ARM.Collect$$libinit$$0000001B          0x08000202   Section        0  libinit2.o(.ARM.Collect$$libinit$$0000001B)
    .ARM.Collect$$libinit$$0000001D          0x08000202   Section        0  libinit2.o(.ARM.Collect$$libinit$$0000001D)
    .ARM.Collect$$libinit$$0000001F          0x08000202   Section        0  libinit2.o(.ARM.Collect$$libinit$$0000001F)
    .ARM.Collect$$libinit$$00000021          0x08000202   Section        0  libinit2.o(.ARM.Collect$$libinit$$00000021)
    .ARM.Collect$$libinit$$00000023          0x08000202   Section        0  libinit2.o(.ARM.Collect$$libinit$$00000023)
    .ARM.Collect$$libinit$$00000025          0x08000202   Section        0  libinit2.o(.ARM.Collect$$libinit$$00000025)
    .ARM.Collect$$libinit$$0000002C          0x08000202   Section        0  libinit2.o(.ARM.Collect$$libinit$$0000002C)
    .ARM.Collect$$libinit$$0000002E          0x08000202   Section        0  libinit2.o(.ARM.Collect$$libinit$$0000002E)
    .ARM.Collect$$libinit$$00000030          0x08000202   Section        0  libinit2.o(.ARM.Collect$$libinit$$00000030)
    .ARM.Collect$$libinit$$00000032          0x08000202   Section        0  libinit2.o(.ARM.Collect$$libinit$$00000032)
    .ARM.Collect$$libinit$$00000033          0x08000202   Section        2  libinit2.o(.ARM.Collect$$libinit$$00000033)
    .ARM.Collect$$libshutdown$$00000000      0x08000204   Section        2  libshutdown.o(.ARM.Collect$$libshutdown$$00000000)
    .ARM.Collect$$libshutdown$$00000003      0x08000206   Section        0  libshutdown2.o(.ARM.Collect$$libshutdown$$00000003)
    .ARM.Collect$$libshutdown$$00000006      0x08000206   Section        0  libshutdown2.o(.ARM.Collect$$libshutdown$$00000006)
    .ARM.Collect$$libshutdown$$00000009      0x08000206   Section        0  libshutdown2.o(.ARM.Collect$$libshutdown$$00000009)
    .ARM.Collect$$libshutdown$$0000000B      0x08000206   Section        0  libshutdown2.o(.ARM.Collect$$libshutdown$$0000000B)
    .ARM.Collect$$libshutdown$$0000000E      0x08000206   Section        0  libshutdown2.o(.ARM.Collect$$libshutdown$$0000000E)
    .ARM.Collect$$libshutdown$$0000000F      0x08000206   Section        2  libshutdown2.o(.ARM.Collect$$libshutdown$$0000000F)
    .ARM.Collect$$rtentry$$00000000          0x08000208   Section        0  __rtentry.o(.ARM.Collect$$rtentry$$00000000)
    .ARM.Collect$$rtentry$$00000002          0x08000208   Section        0  __rtentry2.o(.ARM.Collect$$rtentry$$00000002)
    .ARM.Collect$$rtentry$$00000004          0x08000208   Section        6  __rtentry4.o(.ARM.Collect$$rtentry$$00000004)
    .ARM.Collect$$rtentry$$00000009          0x0800020e   Section        0  __rtentry2.o(.ARM.Collect$$rtentry$$00000009)
    .ARM.Collect$$rtentry$$0000000A          0x0800020e   Section        4  __rtentry2.o(.ARM.Collect$$rtentry$$0000000A)
    .ARM.Collect$$rtentry$$0000000C          0x08000212   Section        0  __rtentry2.o(.ARM.Collect$$rtentry$$0000000C)
    .ARM.Collect$$rtentry$$0000000D          0x08000212   Section        8  __rtentry2.o(.ARM.Collect$$rtentry$$0000000D)
    .ARM.Collect$$rtexit$$00000000           0x0800021a   Section        2  rtexit.o(.ARM.Collect$$rtexit$$00000000)
    .ARM.Collect$$rtexit$$00000002           0x0800021c   Section        0  rtexit2.o(.ARM.Collect$$rtexit$$00000002)
    .ARM.Collect$$rtexit$$00000003           0x0800021c   Section        4  rtexit2.o(.ARM.Collect$$rtexit$$00000003)
    .ARM.Collect$$rtexit$$00000004           0x08000220   Section        6  rtexit2.o(.ARM.Collect$$rtexit$$00000004)
    .emb_text                                0x08000228   Section      190  port.o(.emb_text)
    $v0                                      0x08000228   Number         0  port.o(.emb_text)
    .text                                    0x080002e8   Section       64  startup_stm32f40_41xxx.o(.text)
    $v0                                      0x080002e8   Number         0  startup_stm32f40_41xxx.o(.text)
    .text                                    0x08000328   Section        2  use_no_semi_2.o(.text)
    .text                                    0x0800032a   Section      138  rt_memcpy_v6.o(.text)
    .text                                    0x080003b4   Section       16  aeabi_memset.o(.text)
    .text                                    0x080003c4   Section       68  rt_memclr.o(.text)
    .text                                    0x08000408   Section       78  rt_memclr_w.o(.text)
    .text                                    0x08000456   Section        0  heapauxi.o(.text)
    .text                                    0x0800045c   Section        2  use_no_semi.o(.text)
    .text                                    0x0800045e   Section      100  rt_memcpy_w.o(.text)
    .text                                    0x080004c2   Section       74  sys_stackheap_outer.o(.text)
    .text                                    0x0800050c   Section        0  exit.o(.text)
    .text                                    0x08000518   Section        8  libspace.o(.text)
    i.BusFault_Handler                       0x08000520   Section        0  stm32f4xx_it.o(i.BusFault_Handler)
    i.DebugMon_Handler                       0x08000524   Section        0  stm32f4xx_it.o(i.DebugMon_Handler)
    i.Draw_Circle                            0x08000526   Section        0  lcd.o(i.Draw_Circle)
    i.GPIO_Init                              0x080005c4   Section        0  stm32f4xx_gpio.o(i.GPIO_Init)
    i.GPIO_PinAFConfig                       0x08000654   Section        0  stm32f4xx_gpio.o(i.GPIO_PinAFConfig)
    i.GPIO_ReadInputDataBit                  0x0800069a   Section        0  stm32f4xx_gpio.o(i.GPIO_ReadInputDataBit)
    i.GPIO_ResetBits                         0x080006ac   Section        0  stm32f4xx_gpio.o(i.GPIO_ResetBits)
    i.GPIO_SetBits                           0x080006b0   Section        0  stm32f4xx_gpio.o(i.GPIO_SetBits)
    i.HardFault_Handler                      0x080006b4   Section        0  stm32f4xx_it.o(i.HardFault_Handler)
    i.KEY_Init                               0x080006b8   Section        0  key.o(i.KEY_Init)
    i.KEY_Scan                               0x080006e8   Section        0  key.o(i.KEY_Scan)
    i.LCD_Address_Set                        0x08000760   Section        0  lcd.o(i.LCD_Address_Set)
    i.LCD_DrawLine                           0x0800079a   Section        0  lcd.o(i.LCD_DrawLine)
    i.LCD_DrawPoint                          0x08000846   Section        0  lcd.o(i.LCD_DrawPoint)
    i.LCD_DrawRectangle                      0x08000862   Section        0  lcd.o(i.LCD_DrawRectangle)
    i.LCD_Fill                               0x080008ac   Section        0  lcd.o(i.LCD_Fill)
    i.LCD_GPIO_Init                          0x080008f8   Section        0  lcd.o(i.LCD_GPIO_Init)
    i.LCD_Init                               0x08000970   Section        0  lcd.o(i.LCD_Init)
    i.LCD_ShowChar                           0x08000b04   Section        0  lcd.o(i.LCD_ShowChar)
    i.LCD_ShowIntNum                         0x08000c5c   Section        0  lcd.o(i.LCD_ShowIntNum)
    i.LCD_ShowPicture                        0x08000cf2   Section        0  lcd.o(i.LCD_ShowPicture)
    i.LCD_ShowString                         0x08000d58   Section        0  lcd.o(i.LCD_ShowString)
    i.LCD_WR_DATA                            0x08000d9a   Section        0  lcd.o(i.LCD_WR_DATA)
    i.LCD_WR_DATA8                           0x08000dac   Section        0  lcd.o(i.LCD_WR_DATA8)
    i.LCD_WR_REG                             0x08000db8   Section        0  lcd.o(i.LCD_WR_REG)
    i.LCD_Writ_Bus                           0x08000ddc   Section        0  lcd.o(i.LCD_Writ_Bus)
    i.LED_Init                               0x08000e00   Section        0  led.o(i.LED_Init)
    i.MemManage_Handler                      0x08000e40   Section        0  stm32f4xx_it.o(i.MemManage_Handler)
    i.NMI_Handler                            0x08000e44   Section        0  stm32f4xx_it.o(i.NMI_Handler)
    i.RCC_AHB1PeriphClockCmd                 0x08000e48   Section        0  stm32f4xx_rcc.o(i.RCC_AHB1PeriphClockCmd)
    i.RCC_APB1PeriphClockCmd                 0x08000e68   Section        0  stm32f4xx_rcc.o(i.RCC_APB1PeriphClockCmd)
    i.RCC_APB2PeriphClockCmd                 0x08000e88   Section        0  stm32f4xx_rcc.o(i.RCC_APB2PeriphClockCmd)
    i.RCC_APB2PeriphResetCmd                 0x08000ea8   Section        0  stm32f4xx_rcc.o(i.RCC_APB2PeriphResetCmd)
    i.SPI1_Init                              0x08000ec8   Section        0  spi.o(i.SPI1_Init)
    i.SPI1_ReadWriteByte                     0x08000f8c   Section        0  spi.o(i.SPI1_ReadWriteByte)
    i.SPI1_SetSpeed                          0x08000fc4   Section        0  spi.o(i.SPI1_SetSpeed)
    i.SPI_Cmd                                0x08000fec   Section        0  stm32f4xx_spi.o(i.SPI_Cmd)
    i.SPI_I2S_GetFlagStatus                  0x08001004   Section        0  stm32f4xx_spi.o(i.SPI_I2S_GetFlagStatus)
    i.SPI_I2S_ReceiveData                    0x08001016   Section        0  stm32f4xx_spi.o(i.SPI_I2S_ReceiveData)
    i.SPI_I2S_SendData                       0x0800101c   Section        0  stm32f4xx_spi.o(i.SPI_I2S_SendData)
    i.SPI_Init                               0x08001020   Section        0  stm32f4xx_spi.o(i.SPI_Init)
    i.SetSysClock                            0x0800105c   Section        0  system_stm32f4xx.o(i.SetSysClock)
    SetSysClock                              0x0800105d   Thumb Code   220  system_stm32f4xx.o(i.SetSysClock)
    i.SysTick_CLKSourceConfig                0x08001148   Section        0  misc.o(i.SysTick_CLKSourceConfig)
    i.SysTick_Handler                        0x08001170   Section        0  port.o(i.SysTick_Handler)
    i.SystemInit                             0x080011a4   Section        0  system_stm32f4xx.o(i.SystemInit)
    i.TIM3_PWM_Init                          0x0800120c   Section        0  pwm.o(i.TIM3_PWM_Init)
    i.TIM_ARRPreloadConfig                   0x080012ac   Section        0  stm32f4xx_tim.o(i.TIM_ARRPreloadConfig)
    i.TIM_Cmd                                0x080012c4   Section        0  stm32f4xx_tim.o(i.TIM_Cmd)
    i.TIM_OC1Init                            0x080012dc   Section        0  stm32f4xx_tim.o(i.TIM_OC1Init)
    i.TIM_OC1PreloadConfig                   0x08001358   Section        0  stm32f4xx_tim.o(i.TIM_OC1PreloadConfig)
    i.TIM_SetCompare1                        0x0800136a   Section        0  stm32f4xx_tim.o(i.TIM_SetCompare1)
    i.TIM_TimeBaseInit                       0x08001370   Section        0  stm32f4xx_tim.o(i.TIM_TimeBaseInit)
    i.USART1_IRQHandler                      0x080013f4   Section        0  usart.o(i.USART1_IRQHandler)
    i.USART_GetITStatus                      0x0800147c   Section        0  stm32f4xx_usart.o(i.USART_GetITStatus)
    i.USART_ReceiveData                      0x080014d0   Section        0  stm32f4xx_usart.o(i.USART_ReceiveData)
    i.UsageFault_Handler                     0x080014da   Section        0  stm32f4xx_it.o(i.UsageFault_Handler)
    i._sys_exit                              0x080014de   Section        0  usart.o(i._sys_exit)
    i.adjust_background_light                0x080014e4   Section        0  gui.o(i.adjust_background_light)
    i.app_task1                              0x0800164c   Section        0  main.o(i.app_task1)
    app_task1                                0x0800164d   Thumb Code   242  main.o(i.app_task1)
    i.app_task2                              0x0800175c   Section        0  main.o(i.app_task2)
    app_task2                                0x0800175d   Thumb Code   118  main.o(i.app_task2)
    i.app_task3                              0x080017e0   Section        0  main.o(i.app_task3)
    app_task3                                0x080017e1   Thumb Code    76  main.o(i.app_task3)
    i.app_task4                              0x0800183c   Section        0  main.o(i.app_task4)
    app_task4                                0x0800183d   Thumb Code   110  main.o(i.app_task4)
    i.delay_init                             0x080018b8   Section        0  delay.o(i.delay_init)
    i.delay_ms                               0x080018f4   Section        0  delay.o(i.delay_ms)
    i.delay_xms                              0x0800192c   Section        0  delay.o(i.delay_xms)
    i.init_main                              0x08001978   Section        0  main.o(i.init_main)
    i.init_setting                           0x080019a0   Section        0  main.o(i.init_setting)
    i.init_train                             0x08001a70   Section        0  main.o(i.init_train)
    i.main                                   0x08001b4c   Section        0  main.o(i.main)
    i.main_manu_1                            0x08001c44   Section        0  gui.o(i.main_manu_1)
    i.main_manu_2                            0x08001c94   Section        0  gui.o(i.main_manu_2)
    i.main_manu_3                            0x08001ce4   Section        0  gui.o(i.main_manu_3)
    i.mypow                                  0x08001d34   Section        0  lcd.o(i.mypow)
    i.prvAddCurrentTaskToDelayedList         0x08001d4c   Section        0  tasks.o(i.prvAddCurrentTaskToDelayedList)
    prvAddCurrentTaskToDelayedList           0x08001d4d   Thumb Code   164  tasks.o(i.prvAddCurrentTaskToDelayedList)
    i.prvAddNewTaskToReadyList               0x08001e0c   Section        0  tasks.o(i.prvAddNewTaskToReadyList)
    prvAddNewTaskToReadyList                 0x08001e0d   Thumb Code   206  tasks.o(i.prvAddNewTaskToReadyList)
    i.prvCheckForValidListAndQueue           0x08001ef8   Section        0  timers.o(i.prvCheckForValidListAndQueue)
    prvCheckForValidListAndQueue             0x08001ef9   Thumb Code    72  timers.o(i.prvCheckForValidListAndQueue)
    i.prvCheckTasksWaitingTermination        0x08001f5c   Section        0  tasks.o(i.prvCheckTasksWaitingTermination)
    prvCheckTasksWaitingTermination          0x08001f5d   Thumb Code    60  tasks.o(i.prvCheckTasksWaitingTermination)
    i.prvCopyDataFromQueue                   0x08001fa4   Section        0  queue.o(i.prvCopyDataFromQueue)
    prvCopyDataFromQueue                     0x08001fa5   Thumb Code    42  queue.o(i.prvCopyDataFromQueue)
    i.prvDeleteTCB                           0x08001fce   Section        0  tasks.o(i.prvDeleteTCB)
    prvDeleteTCB                             0x08001fcf   Thumb Code    18  tasks.o(i.prvDeleteTCB)
    i.prvGetNextExpireTime                   0x08001fe0   Section        0  timers.o(i.prvGetNextExpireTime)
    prvGetNextExpireTime                     0x08001fe1   Thumb Code    36  timers.o(i.prvGetNextExpireTime)
    i.prvHeapInit                            0x08002008   Section        0  heap_4.o(i.prvHeapInit)
    prvHeapInit                              0x08002009   Thumb Code    90  heap_4.o(i.prvHeapInit)
    i.prvIdleTask                            0x08002078   Section        0  tasks.o(i.prvIdleTask)
    prvIdleTask                              0x08002079   Thumb Code    32  tasks.o(i.prvIdleTask)
    i.prvInitialiseNewQueue                  0x080020a0   Section        0  queue.o(i.prvInitialiseNewQueue)
    prvInitialiseNewQueue                    0x080020a1   Thumb Code    42  queue.o(i.prvInitialiseNewQueue)
    i.prvInitialiseNewTask                   0x080020ca   Section        0  tasks.o(i.prvInitialiseNewTask)
    prvInitialiseNewTask                     0x080020cb   Thumb Code   204  tasks.o(i.prvInitialiseNewTask)
    i.prvInitialiseTaskLists                 0x08002198   Section        0  tasks.o(i.prvInitialiseTaskLists)
    prvInitialiseTaskLists                   0x08002199   Thumb Code    70  tasks.o(i.prvInitialiseTaskLists)
    i.prvInsertBlockIntoFreeList             0x08002200   Section        0  heap_4.o(i.prvInsertBlockIntoFreeList)
    prvInsertBlockIntoFreeList               0x08002201   Thumb Code    96  heap_4.o(i.prvInsertBlockIntoFreeList)
    i.prvInsertTimerInActiveList             0x08002268   Section        0  timers.o(i.prvInsertTimerInActiveList)
    prvInsertTimerInActiveList               0x08002269   Thumb Code    80  timers.o(i.prvInsertTimerInActiveList)
    i.prvIsQueueEmpty                        0x080022c0   Section        0  queue.o(i.prvIsQueueEmpty)
    prvIsQueueEmpty                          0x080022c1   Thumb Code    26  queue.o(i.prvIsQueueEmpty)
    i.prvProcessExpiredTimer                 0x080022dc   Section        0  timers.o(i.prvProcessExpiredTimer)
    prvProcessExpiredTimer                   0x080022dd   Thumb Code    62  timers.o(i.prvProcessExpiredTimer)
    i.prvProcessReceivedCommands             0x08002320   Section        0  timers.o(i.prvProcessReceivedCommands)
    prvProcessReceivedCommands               0x08002321   Thumb Code   280  timers.o(i.prvProcessReceivedCommands)
    i.prvProcessTimerOrBlockTask             0x0800243c   Section        0  timers.o(i.prvProcessTimerOrBlockTask)
    prvProcessTimerOrBlockTask               0x0800243d   Thumb Code   102  timers.o(i.prvProcessTimerOrBlockTask)
    i.prvReloadTimer                         0x080024b0   Section        0  timers.o(i.prvReloadTimer)
    prvReloadTimer                           0x080024b1   Thumb Code    40  timers.o(i.prvReloadTimer)
    i.prvResetNextTaskUnblockTime            0x080024d8   Section        0  tasks.o(i.prvResetNextTaskUnblockTime)
    prvResetNextTaskUnblockTime              0x080024d9   Thumb Code    40  tasks.o(i.prvResetNextTaskUnblockTime)
    i.prvSampleTimeNow                       0x08002508   Section        0  timers.o(i.prvSampleTimeNow)
    prvSampleTimeNow                         0x08002509   Thumb Code    40  timers.o(i.prvSampleTimeNow)
    i.prvSwitchTimerLists                    0x08002534   Section        0  timers.o(i.prvSwitchTimerLists)
    prvSwitchTimerLists                      0x08002535   Thumb Code    58  timers.o(i.prvSwitchTimerLists)
    i.prvTaskExitError                       0x08002578   Section        0  port.o(i.prvTaskExitError)
    prvTaskExitError                         0x08002579   Thumb Code    60  port.o(i.prvTaskExitError)
    i.prvTaskIsTaskSuspended                 0x080025b8   Section        0  tasks.o(i.prvTaskIsTaskSuspended)
    prvTaskIsTaskSuspended                   0x080025b9   Thumb Code    80  tasks.o(i.prvTaskIsTaskSuspended)
    i.prvTimerTask                           0x08002610   Section        0  timers.o(i.prvTimerTask)
    prvTimerTask                             0x08002611   Thumb Code    26  timers.o(i.prvTimerTask)
    i.prvUnlockQueue                         0x0800262a   Section        0  queue.o(i.prvUnlockQueue)
    prvUnlockQueue                           0x0800262b   Thumb Code   126  queue.o(i.prvUnlockQueue)
    i.pvPortMalloc                           0x080026a8   Section        0  heap_4.o(i.pvPortMalloc)
    i.pxPortInitialiseStack                  0x080027d4   Section        0  port.o(i.pxPortInitialiseStack)
    i.train_move                             0x08002800   Section        0  gui.o(i.train_move)
    i.uxListRemove                           0x08002830   Section        0  list.o(i.uxListRemove)
    i.vListInitialise                        0x08002858   Section        0  list.o(i.vListInitialise)
    i.vListInitialiseItem                    0x08002872   Section        0  list.o(i.vListInitialiseItem)
    i.vListInsert                            0x08002878   Section        0  list.o(i.vListInsert)
    i.vListInsertEnd                         0x080028ac   Section        0  list.o(i.vListInsertEnd)
    i.vPortEnterCritical                     0x080028c4   Section        0  port.o(i.vPortEnterCritical)
    i.vPortExitCritical                      0x08002918   Section        0  port.o(i.vPortExitCritical)
    i.vPortFree                              0x08002954   Section        0  heap_4.o(i.vPortFree)
    i.vPortSetupTimerInterrupt               0x080029e0   Section        0  port.o(i.vPortSetupTimerInterrupt)
    i.vQueueAddToRegistry                    0x08002a08   Section        0  queue.o(i.vQueueAddToRegistry)
    i.vQueueWaitForMessageRestricted         0x08002a68   Section        0  queue.o(i.vQueueWaitForMessageRestricted)
    i.vTaskInternalSetTimeOutState           0x08002ab4   Section        0  tasks.o(i.vTaskInternalSetTimeOutState)
    i.vTaskMissedYield                       0x08002acc   Section        0  tasks.o(i.vTaskMissedYield)
    i.vTaskPlaceOnEventList                  0x08002ad8   Section        0  tasks.o(i.vTaskPlaceOnEventList)
    i.vTaskPlaceOnEventListRestricted        0x08002b10   Section        0  tasks.o(i.vTaskPlaceOnEventListRestricted)
    i.vTaskResume                            0x08002b74   Section        0  tasks.o(i.vTaskResume)
    i.vTaskStartScheduler                    0x08002c38   Section        0  tasks.o(i.vTaskStartScheduler)
    i.vTaskSuspend                           0x08002cd4   Section        0  tasks.o(i.vTaskSuspend)
    i.vTaskSuspendAll                        0x08002dd4   Section        0  tasks.o(i.vTaskSuspendAll)
    i.vTaskSwitchContext                     0x08002de4   Section        0  tasks.o(i.vTaskSwitchContext)
    i.xPortStartScheduler                    0x08002e70   Section        0  port.o(i.xPortStartScheduler)
    i.xQueueGenericCreate                    0x08002fd8   Section        0  queue.o(i.xQueueGenericCreate)
    i.xQueueGenericReset                     0x08003040   Section        0  queue.o(i.xQueueGenericReset)
    i.xQueueReceive                          0x0800311c   Section        0  queue.o(i.xQueueReceive)
    i.xTaskCheckForTimeOut                   0x08003284   Section        0  tasks.o(i.xTaskCheckForTimeOut)
    i.xTaskCreate                            0x08003314   Section        0  tasks.o(i.xTaskCreate)
    i.xTaskGetSchedulerState                 0x0800337c   Section        0  tasks.o(i.xTaskGetSchedulerState)
    i.xTaskGetTickCount                      0x0800339c   Section        0  tasks.o(i.xTaskGetTickCount)
    i.xTaskIncrementTick                     0x080033a8   Section        0  tasks.o(i.xTaskIncrementTick)
    i.xTaskRemoveFromEventList               0x08003564   Section        0  tasks.o(i.xTaskRemoveFromEventList)
    i.xTaskResumeAll                         0x08003684   Section        0  tasks.o(i.xTaskResumeAll)
    i.xTimerCreateTimerTask                  0x080037fc   Section        0  timers.o(i.xTimerCreateTimerTask)
    x$fpl$fpinit                             0x08003854   Section       10  fpinit.o(x$fpl$fpinit)
    $v0                                      0x08003854   Number         0  fpinit.o(x$fpl$fpinit)
    .constdata                               0x0800385e   Section    14620  lcd.o(.constdata)
    .constdata                               0x0800717a   Section    156800  gui.o(.constdata)
    .data                                    0x20000000   Section       32  main.o(.data)
    app_task1_handle1                        0x20000000   Data           4  main.o(.data)
    app_task1_handle2                        0x20000004   Data           4  main.o(.data)
    app_task1_handle3                        0x20000008   Data           4  main.o(.data)
    app_task1_handle4                        0x2000000c   Data           4  main.o(.data)
    flag                                     0x20000010   Data           1  main.o(.data)
    fuc                                      0x20000014   Data           4  main.o(.data)
    fuc                                      0x20000018   Data           4  main.o(.data)
    fuc                                      0x2000001c   Data           4  main.o(.data)
    .data                                    0x20000020   Section       20  system_stm32f4xx.o(.data)
    .data                                    0x20000034   Section        1  key.o(.data)
    key_up                                   0x20000034   Data           1  key.o(.data)
    .data                                    0x20000036   Section        4  delay.o(.data)
    fac_us                                   0x20000036   Data           1  delay.o(.data)
    fac_ms                                   0x20000038   Data           2  delay.o(.data)
    .data                                    0x2000003c   Section        6  usart.o(.data)
    .data                                    0x20000044   Section       64  tasks.o(.data)
    pxDelayedTaskList                        0x20000048   Data           4  tasks.o(.data)
    pxOverflowDelayedTaskList                0x2000004c   Data           4  tasks.o(.data)
    uxDeletedTasksWaitingCleanUp             0x20000050   Data           4  tasks.o(.data)
    uxCurrentNumberOfTasks                   0x20000054   Data           4  tasks.o(.data)
    xTickCount                               0x20000058   Data           4  tasks.o(.data)
    uxTopReadyPriority                       0x2000005c   Data           4  tasks.o(.data)
    xSchedulerRunning                        0x20000060   Data           4  tasks.o(.data)
    xPendedTicks                             0x20000064   Data           4  tasks.o(.data)
    xYieldPending                            0x20000068   Data           4  tasks.o(.data)
    xNumOfOverflows                          0x2000006c   Data           4  tasks.o(.data)
    uxTaskNumber                             0x20000070   Data           4  tasks.o(.data)
    xNextTaskUnblockTime                     0x20000074   Data           4  tasks.o(.data)
    xIdleTaskHandle                          0x20000078   Data           4  tasks.o(.data)
    uxSchedulerSuspended                     0x20000080   Data           4  tasks.o(.data)
    .data                                    0x20000084   Section       20  timers.o(.data)
    pxCurrentTimerList                       0x20000084   Data           4  timers.o(.data)
    pxOverflowTimerList                      0x20000088   Data           4  timers.o(.data)
    xTimerQueue                              0x2000008c   Data           4  timers.o(.data)
    xTimerTaskHandle                         0x20000090   Data           4  timers.o(.data)
    xLastTime                                0x20000094   Data           4  timers.o(.data)
    .data                                    0x20000098   Section       12  port.o(.data)
    uxCriticalNesting                        0x20000098   Data           4  port.o(.data)
    ucMaxSysCallPriority                     0x2000009c   Data           1  port.o(.data)
    ulMaxPRIGROUPValue                       0x200000a0   Data           4  port.o(.data)
    .data                                    0x200000a4   Section       28  heap_4.o(.data)
    xStart                                   0x200000a4   Data           8  heap_4.o(.data)
    pxEnd                                    0x200000ac   Data           4  heap_4.o(.data)
    xFreeBytesRemaining                      0x200000b0   Data           4  heap_4.o(.data)
    xMinimumEverFreeBytesRemaining           0x200000b4   Data           4  heap_4.o(.data)
    xNumberOfSuccessfulAllocations           0x200000b8   Data           4  heap_4.o(.data)
    xNumberOfSuccessfulFrees                 0x200000bc   Data           4  heap_4.o(.data)
    .data                                    0x200000c0   Section        4  gui.o(.data)
    light                                    0x200000c0   Data           4  gui.o(.data)
    .bss                                     0x200000c4   Section      200  usart.o(.bss)
    .bss                                     0x2000018c   Section       64  queue.o(.bss)
    .bss                                     0x200001cc   Section      200  tasks.o(.bss)
    pxReadyTasksLists                        0x200001cc   Data         100  tasks.o(.bss)
    xDelayedTaskList1                        0x20000230   Data          20  tasks.o(.bss)
    xDelayedTaskList2                        0x20000244   Data          20  tasks.o(.bss)
    xPendingReadyList                        0x20000258   Data          20  tasks.o(.bss)
    xTasksWaitingTermination                 0x2000026c   Data          20  tasks.o(.bss)
    xSuspendedTaskList                       0x20000280   Data          20  tasks.o(.bss)
    .bss                                     0x20000294   Section       40  timers.o(.bss)
    xActiveTimerList1                        0x20000294   Data          20  timers.o(.bss)
    xActiveTimerList2                        0x200002a8   Data          20  timers.o(.bss)
    .bss                                     0x200002bc   Section    76800  heap_4.o(.bss)
    ucHeap                                   0x200002bc   Data       76800  heap_4.o(.bss)
    .bss                                     0x20012ebc   Section       96  libspace.o(.bss)
    HEAP                                     0x20012f20   Section      512  startup_stm32f40_41xxx.o(HEAP)
    Heap_Mem                                 0x20012f20   Data         512  startup_stm32f40_41xxx.o(HEAP)
    STACK                                    0x20013120   Section     1024  startup_stm32f40_41xxx.o(STACK)
    Stack_Mem                                0x20013120   Data        1024  startup_stm32f40_41xxx.o(STACK)
    __initial_sp                             0x20013520   Data           0  startup_stm32f40_41xxx.o(STACK)

    Global Symbols

    Symbol Name                              Value     Ov Type        Size  Object(Section)

    BuildAttributes$$THM_ISAv4$E$P$D$K$B$S$7EM$VFPi3$EXTD16$VFPS$VFMA$PE$A:L22UL41UL21$X:L11$S22US41US21$IEEE1$IW$USESV6$~STKCKD$USESV7$~SHL$OSPACE$ROPI$EBA8$UX$STANDARDLIB$REQ8$PRES8$EABIv2 0x00000000   Number         0  anon$$obj.o ABSOLUTE
    __ARM_use_no_argv                        0x00000000   Number         0  main.o ABSOLUTE
    __ARM_exceptions_init                     - Undefined Weak Reference
    __alloca_initialize                       - Undefined Weak Reference
    __arm_preinit_                            - Undefined Weak Reference
    __cpp_initialize__aeabi_                  - Undefined Weak Reference
    __cxa_finalize                            - Undefined Weak Reference
    __rt_locale                               - Undefined Weak Reference
    __sigvec_lookup                           - Undefined Weak Reference
    _atexit_init                              - Undefined Weak Reference
    _call_atexit_fns                          - Undefined Weak Reference
    _clock_init                               - Undefined Weak Reference
    _fp_trap_init                             - Undefined Weak Reference
    _fp_trap_shutdown                         - Undefined Weak Reference
    _get_lc_collate                           - Undefined Weak Reference
    _get_lc_ctype                             - Undefined Weak Reference
    _get_lc_monetary                          - Undefined Weak Reference
    _get_lc_numeric                           - Undefined Weak Reference
    _get_lc_time                              - Undefined Weak Reference
    _getenv_init                              - Undefined Weak Reference
    _handle_redirection                       - Undefined Weak Reference
    _init_alloc                               - Undefined Weak Reference
    _init_user_alloc                          - Undefined Weak Reference
    _initio                                   - Undefined Weak Reference
    _rand_init                                - Undefined Weak Reference
    _signal_finish                            - Undefined Weak Reference
    _signal_init                              - Undefined Weak Reference
    _terminate_alloc                          - Undefined Weak Reference
    _terminate_user_alloc                     - Undefined Weak Reference
    _terminateio                              - Undefined Weak Reference
    __Vectors_Size                           0x00000188   Number         0  startup_stm32f40_41xxx.o ABSOLUTE
    __Vectors                                0x08000000   Data           4  startup_stm32f40_41xxx.o(RESET)
    __Vectors_End                            0x08000188   Data           0  startup_stm32f40_41xxx.o(RESET)
    __main                                   0x08000189   Thumb Code     8  __main.o(!!!main)
    __scatterload                            0x08000191   Thumb Code     0  __scatter.o(!!!scatter)
    __scatterload_rt2                        0x08000191   Thumb Code    44  __scatter.o(!!!scatter)
    __scatterload_rt2_thumb_only             0x08000191   Thumb Code     0  __scatter.o(!!!scatter)
    __scatterload_null                       0x0800019f   Thumb Code     0  __scatter.o(!!!scatter)
    __scatterload_copy                       0x080001c5   Thumb Code    26  __scatter_copy.o(!!handler_copy)
    __scatterload_zeroinit                   0x080001e1   Thumb Code    28  __scatter_zi.o(!!handler_zi)
    __rt_lib_init                            0x080001fd   Thumb Code     0  libinit.o(.ARM.Collect$$libinit$$00000000)
    __rt_lib_init_fp_1                       0x080001ff   Thumb Code     0  libinit2.o(.ARM.Collect$$libinit$$00000001)
    __rt_lib_init_alloca_1                   0x08000203   Thumb Code     0  libinit2.o(.ARM.Collect$$libinit$$0000002E)
    __rt_lib_init_argv_1                     0x08000203   Thumb Code     0  libinit2.o(.ARM.Collect$$libinit$$0000002C)
    __rt_lib_init_atexit_1                   0x08000203   Thumb Code     0  libinit2.o(.ARM.Collect$$libinit$$0000001B)
    __rt_lib_init_clock_1                    0x08000203   Thumb Code     0  libinit2.o(.ARM.Collect$$libinit$$00000021)
    __rt_lib_init_cpp_1                      0x08000203   Thumb Code     0  libinit2.o(.ARM.Collect$$libinit$$00000032)
    __rt_lib_init_exceptions_1               0x08000203   Thumb Code     0  libinit2.o(.ARM.Collect$$libinit$$00000030)
    __rt_lib_init_fp_trap_1                  0x08000203   Thumb Code     0  libinit2.o(.ARM.Collect$$libinit$$0000001F)
    __rt_lib_init_getenv_1                   0x08000203   Thumb Code     0  libinit2.o(.ARM.Collect$$libinit$$00000023)
    __rt_lib_init_heap_1                     0x08000203   Thumb Code     0  libinit2.o(.ARM.Collect$$libinit$$0000000A)
    __rt_lib_init_lc_collate_1               0x08000203   Thumb Code     0  libinit2.o(.ARM.Collect$$libinit$$00000011)
    __rt_lib_init_lc_ctype_1                 0x08000203   Thumb Code     0  libinit2.o(.ARM.Collect$$libinit$$00000013)
    __rt_lib_init_lc_monetary_1              0x08000203   Thumb Code     0  libinit2.o(.ARM.Collect$$libinit$$00000015)
    __rt_lib_init_lc_numeric_1               0x08000203   Thumb Code     0  libinit2.o(.ARM.Collect$$libinit$$00000017)
    __rt_lib_init_lc_time_1                  0x08000203   Thumb Code     0  libinit2.o(.ARM.Collect$$libinit$$00000019)
    __rt_lib_init_preinit_1                  0x08000203   Thumb Code     0  libinit2.o(.ARM.Collect$$libinit$$00000004)
    __rt_lib_init_rand_1                     0x08000203   Thumb Code     0  libinit2.o(.ARM.Collect$$libinit$$0000000E)
    __rt_lib_init_return                     0x08000203   Thumb Code     0  libinit2.o(.ARM.Collect$$libinit$$00000033)
    __rt_lib_init_signal_1                   0x08000203   Thumb Code     0  libinit2.o(.ARM.Collect$$libinit$$0000001D)
    __rt_lib_init_stdio_1                    0x08000203   Thumb Code     0  libinit2.o(.ARM.Collect$$libinit$$00000025)
    __rt_lib_init_user_alloc_1               0x08000203   Thumb Code     0  libinit2.o(.ARM.Collect$$libinit$$0000000C)
    __rt_lib_shutdown                        0x08000205   Thumb Code     0  libshutdown.o(.ARM.Collect$$libshutdown$$00000000)
    __rt_lib_shutdown_fp_trap_1              0x08000207   Thumb Code     0  libshutdown2.o(.ARM.Collect$$libshutdown$$00000006)
    __rt_lib_shutdown_heap_1                 0x08000207   Thumb Code     0  libshutdown2.o(.ARM.Collect$$libshutdown$$0000000E)
    __rt_lib_shutdown_return                 0x08000207   Thumb Code     0  libshutdown2.o(.ARM.Collect$$libshutdown$$0000000F)
    __rt_lib_shutdown_signal_1               0x08000207   Thumb Code     0  libshutdown2.o(.ARM.Collect$$libshutdown$$00000009)
    __rt_lib_shutdown_stdio_1                0x08000207   Thumb Code     0  libshutdown2.o(.ARM.Collect$$libshutdown$$00000003)
    __rt_lib_shutdown_user_alloc_1           0x08000207   Thumb Code     0  libshutdown2.o(.ARM.Collect$$libshutdown$$0000000B)
    __rt_entry                               0x08000209   Thumb Code     0  __rtentry.o(.ARM.Collect$$rtentry$$00000000)
    __rt_entry_presh_1                       0x08000209   Thumb Code     0  __rtentry2.o(.ARM.Collect$$rtentry$$00000002)
    __rt_entry_sh                            0x08000209   Thumb Code     0  __rtentry4.o(.ARM.Collect$$rtentry$$00000004)
    __rt_entry_li                            0x0800020f   Thumb Code     0  __rtentry2.o(.ARM.Collect$$rtentry$$0000000A)
    __rt_entry_postsh_1                      0x0800020f   Thumb Code     0  __rtentry2.o(.ARM.Collect$$rtentry$$00000009)
    __rt_entry_main                          0x08000213   Thumb Code     0  __rtentry2.o(.ARM.Collect$$rtentry$$0000000D)
    __rt_entry_postli_1                      0x08000213   Thumb Code     0  __rtentry2.o(.ARM.Collect$$rtentry$$0000000C)
    __rt_exit                                0x0800021b   Thumb Code     0  rtexit.o(.ARM.Collect$$rtexit$$00000000)
    __rt_exit_ls                             0x0800021d   Thumb Code     0  rtexit2.o(.ARM.Collect$$rtexit$$00000003)
    __rt_exit_prels_1                        0x0800021d   Thumb Code     0  rtexit2.o(.ARM.Collect$$rtexit$$00000002)
    __rt_exit_exit                           0x08000221   Thumb Code     0  rtexit2.o(.ARM.Collect$$rtexit$$00000004)
    SVC_Handler                              0x08000229   Thumb Code    28  port.o(.emb_text)
    __asm___6_port_c_39a90d8d__prvStartFirstTask 0x08000249   Thumb Code    36  port.o(.emb_text)
    __asm___6_port_c_39a90d8d__prvEnableVFP  0x08000271   Thumb Code    16  port.o(.emb_text)
    PendSV_Handler                           0x08000285   Thumb Code    88  port.o(.emb_text)
    vPortGetIPSR                             0x080002e1   Thumb Code     6  port.o(.emb_text)
    Reset_Handler                            0x080002e9   Thumb Code     8  startup_stm32f40_41xxx.o(.text)
    ADC_IRQHandler                           0x08000303   Thumb Code     0  startup_stm32f40_41xxx.o(.text)
    CAN1_RX0_IRQHandler                      0x08000303   Thumb Code     0  startup_stm32f40_41xxx.o(.text)
    CAN1_RX1_IRQHandler                      0x08000303   Thumb Code     0  startup_stm32f40_41xxx.o(.text)
    CAN1_SCE_IRQHandler                      0x08000303   Thumb Code     0  startup_stm32f40_41xxx.o(.text)
    CAN1_TX_IRQHandler                       0x08000303   Thumb Code     0  startup_stm32f40_41xxx.o(.text)
    CAN2_RX0_IRQHandler                      0x08000303   Thumb Code     0  startup_stm32f40_41xxx.o(.text)
    CAN2_RX1_IRQHandler                      0x08000303   Thumb Code     0  startup_stm32f40_41xxx.o(.text)
    CAN2_SCE_IRQHandler                      0x08000303   Thumb Code     0  startup_stm32f40_41xxx.o(.text)
    CAN2_TX_IRQHandler                       0x08000303   Thumb Code     0  startup_stm32f40_41xxx.o(.text)
    CRYP_IRQHandler                          0x08000303   Thumb Code     0  startup_stm32f40_41xxx.o(.text)
    DCMI_IRQHandler                          0x08000303   Thumb Code     0  startup_stm32f40_41xxx.o(.text)
    DMA1_Stream0_IRQHandler                  0x08000303   Thumb Code     0  startup_stm32f40_41xxx.o(.text)
    DMA1_Stream1_IRQHandler                  0x08000303   Thumb Code     0  startup_stm32f40_41xxx.o(.text)
    DMA1_Stream2_IRQHandler                  0x08000303   Thumb Code     0  startup_stm32f40_41xxx.o(.text)
    DMA1_Stream3_IRQHandler                  0x08000303   Thumb Code     0  startup_stm32f40_41xxx.o(.text)
    DMA1_Stream4_IRQHandler                  0x08000303   Thumb Code     0  startup_stm32f40_41xxx.o(.text)
    DMA1_Stream5_IRQHandler                  0x08000303   Thumb Code     0  startup_stm32f40_41xxx.o(.text)
    DMA1_Stream6_IRQHandler                  0x08000303   Thumb Code     0  startup_stm32f40_41xxx.o(.text)
    DMA1_Stream7_IRQHandler                  0x08000303   Thumb Code     0  startup_stm32f40_41xxx.o(.text)
    DMA2_Stream0_IRQHandler                  0x08000303   Thumb Code     0  startup_stm32f40_41xxx.o(.text)
    DMA2_Stream1_IRQHandler                  0x08000303   Thumb Code     0  startup_stm32f40_41xxx.o(.text)
    DMA2_Stream2_IRQHandler                  0x08000303   Thumb Code     0  startup_stm32f40_41xxx.o(.text)
    DMA2_Stream3_IRQHandler                  0x08000303   Thumb Code     0  startup_stm32f40_41xxx.o(.text)
    DMA2_Stream4_IRQHandler                  0x08000303   Thumb Code     0  startup_stm32f40_41xxx.o(.text)
    DMA2_Stream5_IRQHandler                  0x08000303   Thumb Code     0  startup_stm32f40_41xxx.o(.text)
    DMA2_Stream6_IRQHandler                  0x08000303   Thumb Code     0  startup_stm32f40_41xxx.o(.text)
    DMA2_Stream7_IRQHandler                  0x08000303   Thumb Code     0  startup_stm32f40_41xxx.o(.text)
    ETH_IRQHandler                           0x08000303   Thumb Code     0  startup_stm32f40_41xxx.o(.text)
    ETH_WKUP_IRQHandler                      0x08000303   Thumb Code     0  startup_stm32f40_41xxx.o(.text)
    EXTI0_IRQHandler                         0x08000303   Thumb Code     0  startup_stm32f40_41xxx.o(.text)
    EXTI15_10_IRQHandler                     0x08000303   Thumb Code     0  startup_stm32f40_41xxx.o(.text)
    EXTI1_IRQHandler                         0x08000303   Thumb Code     0  startup_stm32f40_41xxx.o(.text)
    EXTI2_IRQHandler                         0x08000303   Thumb Code     0  startup_stm32f40_41xxx.o(.text)
    EXTI3_IRQHandler                         0x08000303   Thumb Code     0  startup_stm32f40_41xxx.o(.text)
    EXTI4_IRQHandler                         0x08000303   Thumb Code     0  startup_stm32f40_41xxx.o(.text)
    EXTI9_5_IRQHandler                       0x08000303   Thumb Code     0  startup_stm32f40_41xxx.o(.text)
    FLASH_IRQHandler                         0x08000303   Thumb Code     0  startup_stm32f40_41xxx.o(.text)
    FPU_IRQHandler                           0x08000303   Thumb Code     0  startup_stm32f40_41xxx.o(.text)
    FSMC_IRQHandler                          0x08000303   Thumb Code     0  startup_stm32f40_41xxx.o(.text)
    HASH_RNG_IRQHandler                      0x08000303   Thumb Code     0  startup_stm32f40_41xxx.o(.text)
    I2C1_ER_IRQHandler                       0x08000303   Thumb Code     0  startup_stm32f40_41xxx.o(.text)
    I2C1_EV_IRQHandler                       0x08000303   Thumb Code     0  startup_stm32f40_41xxx.o(.text)
    I2C2_ER_IRQHandler                       0x08000303   Thumb Code     0  startup_stm32f40_41xxx.o(.text)
    I2C2_EV_IRQHandler                       0x08000303   Thumb Code     0  startup_stm32f40_41xxx.o(.text)
    I2C3_ER_IRQHandler                       0x08000303   Thumb Code     0  startup_stm32f40_41xxx.o(.text)
    I2C3_EV_IRQHandler                       0x08000303   Thumb Code     0  startup_stm32f40_41xxx.o(.text)
    OTG_FS_IRQHandler                        0x08000303   Thumb Code     0  startup_stm32f40_41xxx.o(.text)
    OTG_FS_WKUP_IRQHandler                   0x08000303   Thumb Code     0  startup_stm32f40_41xxx.o(.text)
    OTG_HS_EP1_IN_IRQHandler                 0x08000303   Thumb Code     0  startup_stm32f40_41xxx.o(.text)
    OTG_HS_EP1_OUT_IRQHandler                0x08000303   Thumb Code     0  startup_stm32f40_41xxx.o(.text)
    OTG_HS_IRQHandler                        0x08000303   Thumb Code     0  startup_stm32f40_41xxx.o(.text)
    OTG_HS_WKUP_IRQHandler                   0x08000303   Thumb Code     0  startup_stm32f40_41xxx.o(.text)
    PVD_IRQHandler                           0x08000303   Thumb Code     0  startup_stm32f40_41xxx.o(.text)
    RCC_IRQHandler                           0x08000303   Thumb Code     0  startup_stm32f40_41xxx.o(.text)
    RTC_Alarm_IRQHandler                     0x08000303   Thumb Code     0  startup_stm32f40_41xxx.o(.text)
    RTC_WKUP_IRQHandler                      0x08000303   Thumb Code     0  startup_stm32f40_41xxx.o(.text)
    SDIO_IRQHandler                          0x08000303   Thumb Code     0  startup_stm32f40_41xxx.o(.text)
    SPI1_IRQHandler                          0x08000303   Thumb Code     0  startup_stm32f40_41xxx.o(.text)
    SPI2_IRQHandler                          0x08000303   Thumb Code     0  startup_stm32f40_41xxx.o(.text)
    SPI3_IRQHandler                          0x08000303   Thumb Code     0  startup_stm32f40_41xxx.o(.text)
    TAMP_STAMP_IRQHandler                    0x08000303   Thumb Code     0  startup_stm32f40_41xxx.o(.text)
    TIM1_BRK_TIM9_IRQHandler                 0x08000303   Thumb Code     0  startup_stm32f40_41xxx.o(.text)
    TIM1_CC_IRQHandler                       0x08000303   Thumb Code     0  startup_stm32f40_41xxx.o(.text)
    TIM1_TRG_COM_TIM11_IRQHandler            0x08000303   Thumb Code     0  startup_stm32f40_41xxx.o(.text)
    TIM1_UP_TIM10_IRQHandler                 0x08000303   Thumb Code     0  startup_stm32f40_41xxx.o(.text)
    TIM2_IRQHandler                          0x08000303   Thumb Code     0  startup_stm32f40_41xxx.o(.text)
    TIM3_IRQHandler                          0x08000303   Thumb Code     0  startup_stm32f40_41xxx.o(.text)
    TIM4_IRQHandler                          0x08000303   Thumb Code     0  startup_stm32f40_41xxx.o(.text)
    TIM5_IRQHandler                          0x08000303   Thumb Code     0  startup_stm32f40_41xxx.o(.text)
    TIM6_DAC_IRQHandler                      0x08000303   Thumb Code     0  startup_stm32f40_41xxx.o(.text)
    TIM7_IRQHandler                          0x08000303   Thumb Code     0  startup_stm32f40_41xxx.o(.text)
    TIM8_BRK_TIM12_IRQHandler                0x08000303   Thumb Code     0  startup_stm32f40_41xxx.o(.text)
    TIM8_CC_IRQHandler                       0x08000303   Thumb Code     0  startup_stm32f40_41xxx.o(.text)
    TIM8_TRG_COM_TIM14_IRQHandler            0x08000303   Thumb Code     0  startup_stm32f40_41xxx.o(.text)
    TIM8_UP_TIM13_IRQHandler                 0x08000303   Thumb Code     0  startup_stm32f40_41xxx.o(.text)
    UART4_IRQHandler                         0x08000303   Thumb Code     0  startup_stm32f40_41xxx.o(.text)
    UART5_IRQHandler                         0x08000303   Thumb Code     0  startup_stm32f40_41xxx.o(.text)
    USART2_IRQHandler                        0x08000303   Thumb Code     0  startup_stm32f40_41xxx.o(.text)
    USART3_IRQHandler                        0x08000303   Thumb Code     0  startup_stm32f40_41xxx.o(.text)
    USART6_IRQHandler                        0x08000303   Thumb Code     0  startup_stm32f40_41xxx.o(.text)
    WWDG_IRQHandler                          0x08000303   Thumb Code     0  startup_stm32f40_41xxx.o(.text)
    __user_initial_stackheap                 0x08000305   Thumb Code     0  startup_stm32f40_41xxx.o(.text)
    __use_no_semihosting                     0x08000329   Thumb Code     2  use_no_semi_2.o(.text)
    __aeabi_memcpy                           0x0800032b   Thumb Code     0  rt_memcpy_v6.o(.text)
    __rt_memcpy                              0x0800032b   Thumb Code   138  rt_memcpy_v6.o(.text)
    _memcpy_lastbytes                        0x08000391   Thumb Code     0  rt_memcpy_v6.o(.text)
    __aeabi_memset                           0x080003b5   Thumb Code    16  aeabi_memset.o(.text)
    __aeabi_memclr                           0x080003c5   Thumb Code     0  rt_memclr.o(.text)
    __rt_memclr                              0x080003c5   Thumb Code    68  rt_memclr.o(.text)
    _memset                                  0x080003c9   Thumb Code     0  rt_memclr.o(.text)
    __aeabi_memclr4                          0x08000409   Thumb Code     0  rt_memclr_w.o(.text)
    __aeabi_memclr8                          0x08000409   Thumb Code     0  rt_memclr_w.o(.text)
    __rt_memclr_w                            0x08000409   Thumb Code    78  rt_memclr_w.o(.text)
    _memset_w                                0x0800040d   Thumb Code     0  rt_memclr_w.o(.text)
    __use_two_region_memory                  0x08000457   Thumb Code     2  heapauxi.o(.text)
    __rt_heap_escrow$2region                 0x08000459   Thumb Code     2  heapauxi.o(.text)
    __rt_heap_expand$2region                 0x0800045b   Thumb Code     2  heapauxi.o(.text)
    __I$use$semihosting                      0x0800045d   Thumb Code     0  use_no_semi.o(.text)
    __use_no_semihosting_swi                 0x0800045d   Thumb Code     2  use_no_semi.o(.text)
    __aeabi_memcpy4                          0x0800045f   Thumb Code     0  rt_memcpy_w.o(.text)
    __aeabi_memcpy8                          0x0800045f   Thumb Code     0  rt_memcpy_w.o(.text)
    __rt_memcpy_w                            0x0800045f   Thumb Code   100  rt_memcpy_w.o(.text)
    _memcpy_lastbytes_aligned                0x080004a7   Thumb Code     0  rt_memcpy_w.o(.text)
    __user_setup_stackheap                   0x080004c3   Thumb Code    74  sys_stackheap_outer.o(.text)
    exit                                     0x0800050d   Thumb Code    12  exit.o(.text)
    __user_libspace                          0x08000519   Thumb Code     8  libspace.o(.text)
    __user_perproc_libspace                  0x08000519   Thumb Code     0  libspace.o(.text)
    __user_perthread_libspace                0x08000519   Thumb Code     0  libspace.o(.text)
    BusFault_Handler                         0x08000521   Thumb Code     4  stm32f4xx_it.o(i.BusFault_Handler)
    DebugMon_Handler                         0x08000525   Thumb Code     2  stm32f4xx_it.o(i.DebugMon_Handler)
    Draw_Circle                              0x08000527   Thumb Code   158  lcd.o(i.Draw_Circle)
    GPIO_Init                                0x080005c5   Thumb Code   144  stm32f4xx_gpio.o(i.GPIO_Init)
    GPIO_PinAFConfig                         0x08000655   Thumb Code    70  stm32f4xx_gpio.o(i.GPIO_PinAFConfig)
    GPIO_ReadInputDataBit                    0x0800069b   Thumb Code    18  stm32f4xx_gpio.o(i.GPIO_ReadInputDataBit)
    GPIO_ResetBits                           0x080006ad   Thumb Code     4  stm32f4xx_gpio.o(i.GPIO_ResetBits)
    GPIO_SetBits                             0x080006b1   Thumb Code     4  stm32f4xx_gpio.o(i.GPIO_SetBits)
    HardFault_Handler                        0x080006b5   Thumb Code     4  stm32f4xx_it.o(i.HardFault_Handler)
    KEY_Init                                 0x080006b9   Thumb Code    42  key.o(i.KEY_Init)
    KEY_Scan                                 0x080006e9   Thumb Code   110  key.o(i.KEY_Scan)
    LCD_Address_Set                          0x08000761   Thumb Code    58  lcd.o(i.LCD_Address_Set)
    LCD_DrawLine                             0x0800079b   Thumb Code   172  lcd.o(i.LCD_DrawLine)
    LCD_DrawPoint                            0x08000847   Thumb Code    28  lcd.o(i.LCD_DrawPoint)
    LCD_DrawRectangle                        0x08000863   Thumb Code    74  lcd.o(i.LCD_DrawRectangle)
    LCD_Fill                                 0x080008ad   Thumb Code    74  lcd.o(i.LCD_Fill)
    LCD_GPIO_Init                            0x080008f9   Thumb Code   112  lcd.o(i.LCD_GPIO_Init)
    LCD_Init                                 0x08000971   Thumb Code   398  lcd.o(i.LCD_Init)
    LCD_ShowChar                             0x08000b05   Thumb Code   328  lcd.o(i.LCD_ShowChar)
    LCD_ShowIntNum                           0x08000c5d   Thumb Code   150  lcd.o(i.LCD_ShowIntNum)
    LCD_ShowPicture                          0x08000cf3   Thumb Code   102  lcd.o(i.LCD_ShowPicture)
    LCD_ShowString                           0x08000d59   Thumb Code    66  lcd.o(i.LCD_ShowString)
    LCD_WR_DATA                              0x08000d9b   Thumb Code    18  lcd.o(i.LCD_WR_DATA)
    LCD_WR_DATA8                             0x08000dad   Thumb Code    12  lcd.o(i.LCD_WR_DATA8)
    LCD_WR_REG                               0x08000db9   Thumb Code    32  lcd.o(i.LCD_WR_REG)
    LCD_Writ_Bus                             0x08000ddd   Thumb Code    32  lcd.o(i.LCD_Writ_Bus)
    LED_Init                                 0x08000e01   Thumb Code    60  led.o(i.LED_Init)
    MemManage_Handler                        0x08000e41   Thumb Code     4  stm32f4xx_it.o(i.MemManage_Handler)
    NMI_Handler                              0x08000e45   Thumb Code     2  stm32f4xx_it.o(i.NMI_Handler)
    RCC_AHB1PeriphClockCmd                   0x08000e49   Thumb Code    26  stm32f4xx_rcc.o(i.RCC_AHB1PeriphClockCmd)
    RCC_APB1PeriphClockCmd                   0x08000e69   Thumb Code    26  stm32f4xx_rcc.o(i.RCC_APB1PeriphClockCmd)
    RCC_APB2PeriphClockCmd                   0x08000e89   Thumb Code    26  stm32f4xx_rcc.o(i.RCC_APB2PeriphClockCmd)
    RCC_APB2PeriphResetCmd                   0x08000ea9   Thumb Code    26  stm32f4xx_rcc.o(i.RCC_APB2PeriphResetCmd)
    SPI1_Init                                0x08000ec9   Thumb Code   186  spi.o(i.SPI1_Init)
    SPI1_ReadWriteByte                       0x08000f8d   Thumb Code    50  spi.o(i.SPI1_ReadWriteByte)
    SPI1_SetSpeed                            0x08000fc5   Thumb Code    36  spi.o(i.SPI1_SetSpeed)
    SPI_Cmd                                  0x08000fed   Thumb Code    24  stm32f4xx_spi.o(i.SPI_Cmd)
    SPI_I2S_GetFlagStatus                    0x08001005   Thumb Code    18  stm32f4xx_spi.o(i.SPI_I2S_GetFlagStatus)
    SPI_I2S_ReceiveData                      0x08001017   Thumb Code     6  stm32f4xx_spi.o(i.SPI_I2S_ReceiveData)
    SPI_I2S_SendData                         0x0800101d   Thumb Code     4  stm32f4xx_spi.o(i.SPI_I2S_SendData)
    SPI_Init                                 0x08001021   Thumb Code    60  stm32f4xx_spi.o(i.SPI_Init)
    SysTick_CLKSourceConfig                  0x08001149   Thumb Code    40  misc.o(i.SysTick_CLKSourceConfig)
    SysTick_Handler                          0x08001171   Thumb Code    46  port.o(i.SysTick_Handler)
    SystemInit                               0x080011a5   Thumb Code    88  system_stm32f4xx.o(i.SystemInit)
    TIM3_PWM_Init                            0x0800120d   Thumb Code   150  pwm.o(i.TIM3_PWM_Init)
    TIM_ARRPreloadConfig                     0x080012ad   Thumb Code    24  stm32f4xx_tim.o(i.TIM_ARRPreloadConfig)
    TIM_Cmd                                  0x080012c5   Thumb Code    24  stm32f4xx_tim.o(i.TIM_Cmd)
    TIM_OC1Init                              0x080012dd   Thumb Code   114  stm32f4xx_tim.o(i.TIM_OC1Init)
    TIM_OC1PreloadConfig                     0x08001359   Thumb Code    18  stm32f4xx_tim.o(i.TIM_OC1PreloadConfig)
    TIM_SetCompare1                          0x0800136b   Thumb Code     4  stm32f4xx_tim.o(i.TIM_SetCompare1)
    TIM_TimeBaseInit                         0x08001371   Thumb Code   104  stm32f4xx_tim.o(i.TIM_TimeBaseInit)
    USART1_IRQHandler                        0x080013f5   Thumb Code   122  usart.o(i.USART1_IRQHandler)
    USART_GetITStatus                        0x0800147d   Thumb Code    84  stm32f4xx_usart.o(i.USART_GetITStatus)
    USART_ReceiveData                        0x080014d1   Thumb Code    10  stm32f4xx_usart.o(i.USART_ReceiveData)
    UsageFault_Handler                       0x080014db   Thumb Code     4  stm32f4xx_it.o(i.UsageFault_Handler)
    _sys_exit                                0x080014df   Thumb Code     4  usart.o(i._sys_exit)
    adjust_background_light                  0x080014e5   Thumb Code   334  gui.o(i.adjust_background_light)
    delay_init                               0x080018b9   Thumb Code    52  delay.o(i.delay_init)
    delay_ms                                 0x080018f5   Thumb Code    56  delay.o(i.delay_ms)
    delay_xms                                0x0800192d   Thumb Code    72  delay.o(i.delay_xms)
    init_main                                0x08001979   Thumb Code    36  main.o(i.init_main)
    init_setting                             0x080019a1   Thumb Code   162  main.o(i.init_setting)
    init_train                               0x08001a71   Thumb Code   162  main.o(i.init_train)
    main                                     0x08001b4d   Thumb Code   164  main.o(i.main)
    main_manu_1                              0x08001c45   Thumb Code    68  gui.o(i.main_manu_1)
    main_manu_2                              0x08001c95   Thumb Code    68  gui.o(i.main_manu_2)
    main_manu_3                              0x08001ce5   Thumb Code    68  gui.o(i.main_manu_3)
    mypow                                    0x08001d35   Thumb Code    22  lcd.o(i.mypow)
    pvPortMalloc                             0x080026a9   Thumb Code   280  heap_4.o(i.pvPortMalloc)
    pxPortInitialiseStack                    0x080027d5   Thumb Code    38  port.o(i.pxPortInitialiseStack)
    train_move                               0x08002801   Thumb Code    48  gui.o(i.train_move)
    uxListRemove                             0x08002831   Thumb Code    40  list.o(i.uxListRemove)
    vListInitialise                          0x08002859   Thumb Code    26  list.o(i.vListInitialise)
    vListInitialiseItem                      0x08002873   Thumb Code     6  list.o(i.vListInitialiseItem)
    vListInsert                              0x08002879   Thumb Code    52  list.o(i.vListInsert)
    vListInsertEnd                           0x080028ad   Thumb Code    24  list.o(i.vListInsertEnd)
    vPortEnterCritical                       0x080028c5   Thumb Code    76  port.o(i.vPortEnterCritical)
    vPortExitCritical                        0x08002919   Thumb Code    56  port.o(i.vPortExitCritical)
    vPortFree                                0x08002955   Thumb Code   132  heap_4.o(i.vPortFree)
    vPortSetupTimerInterrupt                 0x080029e1   Thumb Code    36  port.o(i.vPortSetupTimerInterrupt)
    vQueueAddToRegistry                      0x08002a09   Thumb Code    90  queue.o(i.vQueueAddToRegistry)
    vQueueWaitForMessageRestricted           0x08002a69   Thumb Code    74  queue.o(i.vQueueWaitForMessageRestricted)
    vTaskInternalSetTimeOutState             0x08002ab5   Thumb Code    14  tasks.o(i.vTaskInternalSetTimeOutState)
    vTaskMissedYield                         0x08002acd   Thumb Code     8  tasks.o(i.vTaskMissedYield)
    vTaskPlaceOnEventList                    0x08002ad9   Thumb Code    52  tasks.o(i.vTaskPlaceOnEventList)
    vTaskPlaceOnEventListRestricted          0x08002b11   Thumb Code    94  tasks.o(i.vTaskPlaceOnEventListRestricted)
    vTaskResume                              0x08002b75   Thumb Code   180  tasks.o(i.vTaskResume)
    vTaskStartScheduler                      0x08002c39   Thumb Code   122  tasks.o(i.vTaskStartScheduler)
    vTaskSuspend                             0x08002cd5   Thumb Code   224  tasks.o(i.vTaskSuspend)
    vTaskSuspendAll                          0x08002dd5   Thumb Code    12  tasks.o(i.vTaskSuspendAll)
    vTaskSwitchContext                       0x08002de5   Thumb Code   118  tasks.o(i.vTaskSwitchContext)
    xPortStartScheduler                      0x08002e71   Thumb Code   330  port.o(i.xPortStartScheduler)
    xQueueGenericCreate                      0x08002fd9   Thumb Code   102  queue.o(i.xQueueGenericCreate)
    xQueueGenericReset                       0x08003041   Thumb Code   214  queue.o(i.xQueueGenericReset)
    xQueueReceive                            0x0800311d   Thumb Code   356  queue.o(i.xQueueReceive)
    xTaskCheckForTimeOut                     0x08003285   Thumb Code   136  tasks.o(i.xTaskCheckForTimeOut)
    xTaskCreate                              0x08003315   Thumb Code   104  tasks.o(i.xTaskCreate)
    xTaskGetSchedulerState                   0x0800337d   Thumb Code    24  tasks.o(i.xTaskGetSchedulerState)
    xTaskGetTickCount                        0x0800339d   Thumb Code     6  tasks.o(i.xTaskGetTickCount)
    xTaskIncrementTick                       0x080033a9   Thumb Code   398  tasks.o(i.xTaskIncrementTick)
    xTaskRemoveFromEventList                 0x08003565   Thumb Code   264  tasks.o(i.xTaskRemoveFromEventList)
    xTaskResumeAll                           0x08003685   Thumb Code   338  tasks.o(i.xTaskResumeAll)
    xTimerCreateTimerTask                    0x080037fd   Thumb Code    66  timers.o(i.xTimerCreateTimerTask)
    _fp_init                                 0x08003855   Thumb Code    10  fpinit.o(x$fpl$fpinit)
    __fplib_config_fpu_vfp                   0x0800385d   Thumb Code     0  fpinit.o(x$fpl$fpinit)
    __fplib_config_pureend_doubles           0x0800385d   Thumb Code     0  fpinit.o(x$fpl$fpinit)
    ascii_1206                               0x0800385e   Data        1140  lcd.o(.constdata)
    ascii_1608                               0x08003cd2   Data        1520  lcd.o(.constdata)
    ascii_2412                               0x080042c2   Data        4560  lcd.o(.constdata)
    ascii_3216                               0x08005492   Data        6080  lcd.o(.constdata)
    tfont12                                  0x08006c52   Data         130  lcd.o(.constdata)
    tfont16                                  0x08006cd4   Data         170  lcd.o(.constdata)
    tfont24                                  0x08006d7e   Data         370  lcd.o(.constdata)
    tfont32                                  0x08006ef0   Data         650  lcd.o(.constdata)
    gImage_1                                 0x0800717a   Data        3200  gui.o(.constdata)
    gImage_2                                 0x08007dfa   Data       51200  gui.o(.constdata)
    gImage_3                                 0x080145fa   Data       51200  gui.o(.constdata)
    gImage_4                                 0x08020dfa   Data       51200  gui.o(.constdata)
    Region$$Table$$Base                      0x0802d5fc   Number         0  anon$$obj.o(Region$$Table)
    Region$$Table$$Limit                     0x0802d61c   Number         0  anon$$obj.o(Region$$Table)
    SystemCoreClock                          0x20000020   Data           4  system_stm32f4xx.o(.data)
    AHBPrescTable                            0x20000024   Data          16  system_stm32f4xx.o(.data)
    __stdout                                 0x2000003c   Data           4  usart.o(.data)
    USART_RX_STA                             0x20000040   Data           2  usart.o(.data)
    pxCurrentTCB                             0x20000044   Data           4  tasks.o(.data)
    uxTopUsedPriority                        0x2000007c   Data           4  tasks.o(.data)
    USART_RX_BUF                             0x200000c4   Data         200  usart.o(.bss)
    xQueueRegistry                           0x2000018c   Data          64  queue.o(.bss)
    __libspace_start                         0x20012ebc   Data          96  libspace.o(.bss)
    __temporary_stack_top$libspace           0x20012f1c   Data           0  libspace.o(.bss)



==============================================================================

Memory Map of the image

  Image Entry point : 0x08000189

  Load Region LR_IROM1 (Base: 0x08000000, Size: 0x0002d6e0, Max: 0x00100000, ABSOLUTE)

    Execution Region ER_IROM1 (Base: 0x08000000, Size: 0x0002d61c, Max: 0x00100000, ABSOLUTE)

    Base Addr    Size         Type   Attr      Idx    E Section Name        Object

    0x08000000   0x00000188   Data   RO          688    RESET               startup_stm32f40_41xxx.o
    0x08000188   0x00000008   Code   RO         3261  * !!!main             c_w.l(__main.o)
    0x08000190   0x00000034   Code   RO         3417    !!!scatter          c_w.l(__scatter.o)
    0x080001c4   0x0000001a   Code   RO         3419    !!handler_copy      c_w.l(__scatter_copy.o)
    0x080001de   0x00000002   PAD
    0x080001e0   0x0000001c   Code   RO         3421    !!handler_zi        c_w.l(__scatter_zi.o)
    0x080001fc   0x00000002   Code   RO         3292    .ARM.Collect$$libinit$$00000000  c_w.l(libinit.o)
    0x080001fe   0x00000004   Code   RO         3298    .ARM.Collect$$libinit$$00000001  c_w.l(libinit2.o)
    0x08000202   0x00000000   Code   RO         3301    .ARM.Collect$$libinit$$00000004  c_w.l(libinit2.o)
    0x08000202   0x00000000   Code   RO         3304    .ARM.Collect$$libinit$$0000000A  c_w.l(libinit2.o)
    0x08000202   0x00000000   Code   RO         3306    .ARM.Collect$$libinit$$0000000C  c_w.l(libinit2.o)
    0x08000202   0x00000000   Code   RO         3308    .ARM.Collect$$libinit$$0000000E  c_w.l(libinit2.o)
    0x08000202   0x00000000   Code   RO         3311    .ARM.Collect$$libinit$$00000011  c_w.l(libinit2.o)
    0x08000202   0x00000000   Code   RO         3313    .ARM.Collect$$libinit$$00000013  c_w.l(libinit2.o)
    0x08000202   0x00000000   Code   RO         3315    .ARM.Collect$$libinit$$00000015  c_w.l(libinit2.o)
    0x08000202   0x00000000   Code   RO         3317    .ARM.Collect$$libinit$$00000017  c_w.l(libinit2.o)
    0x08000202   0x00000000   Code   RO         3319    .ARM.Collect$$libinit$$00000019  c_w.l(libinit2.o)
    0x08000202   0x00000000   Code   RO         3321    .ARM.Collect$$libinit$$0000001B  c_w.l(libinit2.o)
    0x08000202   0x00000000   Code   RO         3323    .ARM.Collect$$libinit$$0000001D  c_w.l(libinit2.o)
    0x08000202   0x00000000   Code   RO         3325    .ARM.Collect$$libinit$$0000001F  c_w.l(libinit2.o)
    0x08000202   0x00000000   Code   RO         3327    .ARM.Collect$$libinit$$00000021  c_w.l(libinit2.o)
    0x08000202   0x00000000   Code   RO         3329    .ARM.Collect$$libinit$$00000023  c_w.l(libinit2.o)
    0x08000202   0x00000000   Code   RO         3331    .ARM.Collect$$libinit$$00000025  c_w.l(libinit2.o)
    0x08000202   0x00000000   Code   RO         3335    .ARM.Collect$$libinit$$0000002C  c_w.l(libinit2.o)
    0x08000202   0x00000000   Code   RO         3337    .ARM.Collect$$libinit$$0000002E  c_w.l(libinit2.o)
    0x08000202   0x00000000   Code   RO         3339    .ARM.Collect$$libinit$$00000030  c_w.l(libinit2.o)
    0x08000202   0x00000000   Code   RO         3341    .ARM.Collect$$libinit$$00000032  c_w.l(libinit2.o)
    0x08000202   0x00000002   Code   RO         3342    .ARM.Collect$$libinit$$00000033  c_w.l(libinit2.o)
    0x08000204   0x00000002   Code   RO         3360    .ARM.Collect$$libshutdown$$00000000  c_w.l(libshutdown.o)
    0x08000206   0x00000000   Code   RO         3371    .ARM.Collect$$libshutdown$$00000003  c_w.l(libshutdown2.o)
    0x08000206   0x00000000   Code   RO         3374    .ARM.Collect$$libshutdown$$00000006  c_w.l(libshutdown2.o)
    0x08000206   0x00000000   Code   RO         3377    .ARM.Collect$$libshutdown$$00000009  c_w.l(libshutdown2.o)
    0x08000206   0x00000000   Code   RO         3379    .ARM.Collect$$libshutdown$$0000000B  c_w.l(libshutdown2.o)
    0x08000206   0x00000000   Code   RO         3382    .ARM.Collect$$libshutdown$$0000000E  c_w.l(libshutdown2.o)
    0x08000206   0x00000002   Code   RO         3383    .ARM.Collect$$libshutdown$$0000000F  c_w.l(libshutdown2.o)
    0x08000208   0x00000000   Code   RO         3265    .ARM.Collect$$rtentry$$00000000  c_w.l(__rtentry.o)
    0x08000208   0x00000000   Code   RO         3269    .ARM.Collect$$rtentry$$00000002  c_w.l(__rtentry2.o)
    0x08000208   0x00000006   Code   RO         3281    .ARM.Collect$$rtentry$$00000004  c_w.l(__rtentry4.o)
    0x0800020e   0x00000000   Code   RO         3271    .ARM.Collect$$rtentry$$00000009  c_w.l(__rtentry2.o)
    0x0800020e   0x00000004   Code   RO         3272    .ARM.Collect$$rtentry$$0000000A  c_w.l(__rtentry2.o)
    0x08000212   0x00000000   Code   RO         3274    .ARM.Collect$$rtentry$$0000000C  c_w.l(__rtentry2.o)
    0x08000212   0x00000008   Code   RO         3275    .ARM.Collect$$rtentry$$0000000D  c_w.l(__rtentry2.o)
    0x0800021a   0x00000002   Code   RO         3296    .ARM.Collect$$rtexit$$00000000  c_w.l(rtexit.o)
    0x0800021c   0x00000000   Code   RO         3344    .ARM.Collect$$rtexit$$00000002  c_w.l(rtexit2.o)
    0x0800021c   0x00000004   Code   RO         3345    .ARM.Collect$$rtexit$$00000003  c_w.l(rtexit2.o)
    0x08000220   0x00000006   Code   RO         3346    .ARM.Collect$$rtexit$$00000004  c_w.l(rtexit2.o)
    0x08000226   0x00000002   PAD
    0x08000228   0x000000be   Code   RO         3058    .emb_text           port.o
    0x080002e6   0x00000002   PAD
    0x080002e8   0x00000040   Code   RO          689    .text               startup_stm32f40_41xxx.o
    0x08000328   0x00000002   Code   RO         3249    .text               c_w.l(use_no_semi_2.o)
    0x0800032a   0x0000008a   Code   RO         3251    .text               c_w.l(rt_memcpy_v6.o)
    0x080003b4   0x00000010   Code   RO         3253    .text               c_w.l(aeabi_memset.o)
    0x080003c4   0x00000044   Code   RO         3255    .text               c_w.l(rt_memclr.o)
    0x08000408   0x0000004e   Code   RO         3257    .text               c_w.l(rt_memclr_w.o)
    0x08000456   0x00000006   Code   RO         3259    .text               c_w.l(heapauxi.o)
    0x0800045c   0x00000002   Code   RO         3263    .text               c_w.l(use_no_semi.o)
    0x0800045e   0x00000064   Code   RO         3266    .text               c_w.l(rt_memcpy_w.o)
    0x080004c2   0x0000004a   Code   RO         3283    .text               c_w.l(sys_stackheap_outer.o)
    0x0800050c   0x0000000c   Code   RO         3285    .text               c_w.l(exit.o)
    0x08000518   0x00000008   Code   RO         3293    .text               c_w.l(libspace.o)
    0x08000520   0x00000004   Code   RO          229    i.BusFault_Handler  stm32f4xx_it.o
    0x08000524   0x00000002   Code   RO          230    i.DebugMon_Handler  stm32f4xx_it.o
    0x08000526   0x0000009e   Code   RO          418    i.Draw_Circle       lcd.o
    0x080005c4   0x00000090   Code   RO          740    i.GPIO_Init         stm32f4xx_gpio.o
    0x08000654   0x00000046   Code   RO          741    i.GPIO_PinAFConfig  stm32f4xx_gpio.o
    0x0800069a   0x00000012   Code   RO          744    i.GPIO_ReadInputDataBit  stm32f4xx_gpio.o
    0x080006ac   0x00000004   Code   RO          747    i.GPIO_ResetBits    stm32f4xx_gpio.o
    0x080006b0   0x00000004   Code   RO          748    i.GPIO_SetBits      stm32f4xx_gpio.o
    0x080006b4   0x00000004   Code   RO          231    i.HardFault_Handler  stm32f4xx_it.o
    0x080006b8   0x00000030   Code   RO          365    i.KEY_Init          key.o
    0x080006e8   0x00000078   Code   RO          366    i.KEY_Scan          key.o
    0x08000760   0x0000003a   Code   RO          419    i.LCD_Address_Set   lcd.o
    0x0800079a   0x000000ac   Code   RO          420    i.LCD_DrawLine      lcd.o
    0x08000846   0x0000001c   Code   RO          421    i.LCD_DrawPoint     lcd.o
    0x08000862   0x0000004a   Code   RO          422    i.LCD_DrawRectangle  lcd.o
    0x080008ac   0x0000004a   Code   RO          423    i.LCD_Fill          lcd.o
    0x080008f6   0x00000002   PAD
    0x080008f8   0x00000078   Code   RO          424    i.LCD_GPIO_Init     lcd.o
    0x08000970   0x00000194   Code   RO          425    i.LCD_Init          lcd.o
    0x08000b04   0x00000158   Code   RO          426    i.LCD_ShowChar      lcd.o
    0x08000c5c   0x00000096   Code   RO          428    i.LCD_ShowIntNum    lcd.o
    0x08000cf2   0x00000066   Code   RO          429    i.LCD_ShowPicture   lcd.o
    0x08000d58   0x00000042   Code   RO          430    i.LCD_ShowString    lcd.o
    0x08000d9a   0x00000012   Code   RO          431    i.LCD_WR_DATA       lcd.o
    0x08000dac   0x0000000c   Code   RO          432    i.LCD_WR_DATA8      lcd.o
    0x08000db8   0x00000024   Code   RO          433    i.LCD_WR_REG        lcd.o
    0x08000ddc   0x00000024   Code   RO          434    i.LCD_Writ_Bus      lcd.o
    0x08000e00   0x00000040   Code   RO          345    i.LED_Init          led.o
    0x08000e40   0x00000004   Code   RO          232    i.MemManage_Handler  stm32f4xx_it.o
    0x08000e44   0x00000002   Code   RO          233    i.NMI_Handler       stm32f4xx_it.o
    0x08000e46   0x00000002   PAD
    0x08000e48   0x00000020   Code   RO          837    i.RCC_AHB1PeriphClockCmd  stm32f4xx_rcc.o
    0x08000e68   0x00000020   Code   RO          846    i.RCC_APB1PeriphClockCmd  stm32f4xx_rcc.o
    0x08000e88   0x00000020   Code   RO          849    i.RCC_APB2PeriphClockCmd  stm32f4xx_rcc.o
    0x08000ea8   0x00000020   Code   RO          851    i.RCC_APB2PeriphResetCmd  stm32f4xx_rcc.o
    0x08000ec8   0x000000c4   Code   RO          549    i.SPI1_Init         spi.o
    0x08000f8c   0x00000038   Code   RO          550    i.SPI1_ReadWriteByte  spi.o
    0x08000fc4   0x00000028   Code   RO          551    i.SPI1_SetSpeed     spi.o
    0x08000fec   0x00000018   Code   RO         1983    i.SPI_Cmd           stm32f4xx_spi.o
    0x08001004   0x00000012   Code   RO         1991    i.SPI_I2S_GetFlagStatus  stm32f4xx_spi.o
    0x08001016   0x00000006   Code   RO         1994    i.SPI_I2S_ReceiveData  stm32f4xx_spi.o
    0x0800101c   0x00000004   Code   RO         1995    i.SPI_I2S_SendData  stm32f4xx_spi.o
    0x08001020   0x0000003c   Code   RO         1996    i.SPI_Init          stm32f4xx_spi.o
    0x0800105c   0x000000ec   Code   RO          308    i.SetSysClock       system_stm32f4xx.o
    0x08001148   0x00000028   Code   RO          699    i.SysTick_CLKSourceConfig  misc.o
    0x08001170   0x00000034   Code   RO         3059    i.SysTick_Handler   port.o
    0x080011a4   0x00000068   Code   RO          310    i.SystemInit        system_stm32f4xx.o
    0x0800120c   0x000000a0   Code   RO          393    i.TIM3_PWM_Init     pwm.o
    0x080012ac   0x00000018   Code   RO         1419    i.TIM_ARRPreloadConfig  stm32f4xx_tim.o
    0x080012c4   0x00000018   Code   RO         1431    i.TIM_Cmd           stm32f4xx_tim.o
    0x080012dc   0x0000007c   Code   RO         1460    i.TIM_OC1Init       stm32f4xx_tim.o
    0x08001358   0x00000012   Code   RO         1463    i.TIM_OC1PreloadConfig  stm32f4xx_tim.o
    0x0800136a   0x00000004   Code   RO         1493    i.TIM_SetCompare1   stm32f4xx_tim.o
    0x0800136e   0x00000002   PAD
    0x08001370   0x00000084   Code   RO         1503    i.TIM_TimeBaseInit  stm32f4xx_tim.o
    0x080013f4   0x00000088   Code   RO          639    i.USART1_IRQHandler  usart.o
    0x0800147c   0x00000054   Code   RO         1235    i.USART_GetITStatus  stm32f4xx_usart.o
    0x080014d0   0x0000000a   Code   RO         1245    i.USART_ReceiveData  stm32f4xx_usart.o
    0x080014da   0x00000004   Code   RO          234    i.UsageFault_Handler  stm32f4xx_it.o
    0x080014de   0x00000004   Code   RO          640    i._sys_exit         usart.o
    0x080014e2   0x00000002   PAD
    0x080014e4   0x00000168   Code   RO         3198    i.adjust_background_light  gui.o
    0x0800164c   0x00000110   Code   RO            3    i.app_task1         main.o
    0x0800175c   0x00000084   Code   RO            4    i.app_task2         main.o
    0x080017e0   0x0000005c   Code   RO            5    i.app_task3         main.o
    0x0800183c   0x0000007c   Code   RO            6    i.app_task4         main.o
    0x080018b8   0x0000003c   Code   RO          581    i.delay_init        delay.o
    0x080018f4   0x00000038   Code   RO          582    i.delay_ms          delay.o
    0x0800192c   0x0000004c   Code   RO          584    i.delay_xms         delay.o
    0x08001978   0x00000028   Code   RO            7    i.init_main         main.o
    0x080019a0   0x000000d0   Code   RO            8    i.init_setting      main.o
    0x08001a70   0x000000dc   Code   RO            9    i.init_train        main.o
    0x08001b4c   0x000000f8   Code   RO           10    i.main              main.o
    0x08001c44   0x00000050   Code   RO         3199    i.main_manu_1       gui.o
    0x08001c94   0x00000050   Code   RO         3200    i.main_manu_2       gui.o
    0x08001ce4   0x00000050   Code   RO         3201    i.main_manu_3       gui.o
    0x08001d34   0x00000016   Code   RO          435    i.mypow             lcd.o
    0x08001d4a   0x00000002   PAD
    0x08001d4c   0x000000c0   Code   RO         2523    i.prvAddCurrentTaskToDelayedList  tasks.o
    0x08001e0c   0x000000ec   Code   RO         2524    i.prvAddNewTaskToReadyList  tasks.o
    0x08001ef8   0x00000064   Code   RO         2887    i.prvCheckForValidListAndQueue  timers.o
    0x08001f5c   0x00000048   Code   RO         2525    i.prvCheckTasksWaitingTermination  tasks.o
    0x08001fa4   0x0000002a   Code   RO         2305    i.prvCopyDataFromQueue  queue.o
    0x08001fce   0x00000012   Code   RO         2526    i.prvDeleteTCB      tasks.o
    0x08001fe0   0x00000028   Code   RO         2888    i.prvGetNextExpireTime  timers.o
    0x08002008   0x00000070   Code   RO         3135    i.prvHeapInit       heap_4.o
    0x08002078   0x00000028   Code   RO         2527    i.prvIdleTask       tasks.o
    0x080020a0   0x0000002a   Code   RO         2309    i.prvInitialiseNewQueue  queue.o
    0x080020ca   0x000000cc   Code   RO         2528    i.prvInitialiseNewTask  tasks.o
    0x08002196   0x00000002   PAD
    0x08002198   0x00000068   Code   RO         2529    i.prvInitialiseTaskLists  tasks.o
    0x08002200   0x00000068   Code   RO         3136    i.prvInsertBlockIntoFreeList  heap_4.o
    0x08002268   0x00000058   Code   RO         2890    i.prvInsertTimerInActiveList  timers.o
    0x080022c0   0x0000001a   Code   RO         2310    i.prvIsQueueEmpty   queue.o
    0x080022da   0x00000002   PAD
    0x080022dc   0x00000044   Code   RO         2891    i.prvProcessExpiredTimer  timers.o
    0x08002320   0x0000011c   Code   RO         2892    i.prvProcessReceivedCommands  timers.o
    0x0800243c   0x00000074   Code   RO         2893    i.prvProcessTimerOrBlockTask  timers.o
    0x080024b0   0x00000028   Code   RO         2894    i.prvReloadTimer    timers.o
    0x080024d8   0x00000030   Code   RO         2531    i.prvResetNextTaskUnblockTime  tasks.o
    0x08002508   0x0000002c   Code   RO         2895    i.prvSampleTimeNow  timers.o
    0x08002534   0x00000044   Code   RO         2896    i.prvSwitchTimerLists  timers.o
    0x08002578   0x00000040   Code   RO         3060    i.prvTaskExitError  port.o
    0x080025b8   0x00000058   Code   RO         2533    i.prvTaskIsTaskSuspended  tasks.o
    0x08002610   0x0000001a   Code   RO         2897    i.prvTimerTask      timers.o
    0x0800262a   0x0000007e   Code   RO         2312    i.prvUnlockQueue    queue.o
    0x080026a8   0x0000012c   Code   RO         3138    i.pvPortMalloc      heap_4.o
    0x080027d4   0x0000002c   Code   RO         3061    i.pxPortInitialiseStack  port.o
    0x08002800   0x00000030   Code   RO         3202    i.train_move        gui.o
    0x08002830   0x00000028   Code   RO         2265    i.uxListRemove      list.o
    0x08002858   0x0000001a   Code   RO         2266    i.vListInitialise   list.o
    0x08002872   0x00000006   Code   RO         2267    i.vListInitialiseItem  list.o
    0x08002878   0x00000034   Code   RO         2268    i.vListInsert       list.o
    0x080028ac   0x00000018   Code   RO         2269    i.vListInsertEnd    list.o
    0x080028c4   0x00000054   Code   RO         3063    i.vPortEnterCritical  port.o
    0x08002918   0x0000003c   Code   RO         3064    i.vPortExitCritical  port.o
    0x08002954   0x0000008c   Code   RO         3139    i.vPortFree         heap_4.o
    0x080029e0   0x00000028   Code   RO         3065    i.vPortSetupTimerInterrupt  port.o
    0x08002a08   0x00000060   Code   RO         2318    i.vQueueAddToRegistry  queue.o
    0x08002a68   0x0000004a   Code   RO         2322    i.vQueueWaitForMessageRestricted  queue.o
    0x08002ab2   0x00000002   PAD
    0x08002ab4   0x00000018   Code   RO         2548    i.vTaskInternalSetTimeOutState  tasks.o
    0x08002acc   0x0000000c   Code   RO         2549    i.vTaskMissedYield  tasks.o
    0x08002ad8   0x00000038   Code   RO         2550    i.vTaskPlaceOnEventList  tasks.o
    0x08002b10   0x00000064   Code   RO         2551    i.vTaskPlaceOnEventListRestricted  tasks.o
    0x08002b74   0x000000c4   Code   RO         2556    i.vTaskResume       tasks.o
    0x08002c38   0x0000009c   Code   RO         2559    i.vTaskStartScheduler  tasks.o
    0x08002cd4   0x00000100   Code   RO         2560    i.vTaskSuspend      tasks.o
    0x08002dd4   0x00000010   Code   RO         2561    i.vTaskSuspendAll   tasks.o
    0x08002de4   0x0000008c   Code   RO         2562    i.vTaskSwitchContext  tasks.o
    0x08002e70   0x00000168   Code   RO         3067    i.xPortStartScheduler  port.o
    0x08002fd8   0x00000066   Code   RO         2325    i.xQueueGenericCreate  queue.o
    0x0800303e   0x00000002   PAD
    0x08003040   0x000000dc   Code   RO         2326    i.xQueueGenericReset  queue.o
    0x0800311c   0x00000168   Code   RO         2335    i.xQueueReceive     queue.o
    0x08003284   0x00000090   Code   RO         2564    i.xTaskCheckForTimeOut  tasks.o
    0x08003314   0x00000068   Code   RO         2565    i.xTaskCreate       tasks.o
    0x0800337c   0x00000020   Code   RO         2572    i.xTaskGetSchedulerState  tasks.o
    0x0800339c   0x0000000c   Code   RO         2573    i.xTaskGetTickCount  tasks.o
    0x080033a8   0x000001bc   Code   RO         2575    i.xTaskIncrementTick  tasks.o
    0x08003564   0x00000120   Code   RO         2578    i.xTaskRemoveFromEventList  tasks.o
    0x08003684   0x00000178   Code   RO         2579    i.xTaskResumeAll    tasks.o
    0x080037fc   0x00000058   Code   RO         2905    i.xTimerCreateTimerTask  timers.o
    0x08003854   0x0000000a   Code   RO         3352    x$fpl$fpinit        fz_wm.l(fpinit.o)
    0x0800385e   0x0000391c   Data   RO          436    .constdata          lcd.o
    0x0800717a   0x00026480   Data   RO         3203    .constdata          gui.o
    0x0802d5fa   0x00000002   PAD
    0x0802d5fc   0x00000020   Data   RO         3415    Region$$Table       anon$$obj.o


    Execution Region RW_IRAM1 (Base: 0x20000000, Size: 0x00013520, Max: 0x00020000, ABSOLUTE)

    Base Addr    Size         Type   Attr      Idx    E Section Name        Object

    0x20000000   0x00000020   Data   RW           11    .data               main.o
    0x20000020   0x00000014   Data   RW          311    .data               system_stm32f4xx.o
    0x20000034   0x00000001   Data   RW          367    .data               key.o
    0x20000035   0x00000001   PAD
    0x20000036   0x00000004   Data   RW          585    .data               delay.o
    0x2000003a   0x00000002   PAD
    0x2000003c   0x00000006   Data   RW          644    .data               usart.o
    0x20000042   0x00000002   PAD
    0x20000044   0x00000040   Data   RW         2582    .data               tasks.o
    0x20000084   0x00000014   Data   RW         2913    .data               timers.o
    0x20000098   0x0000000c   Data   RW         3068    .data               port.o
    0x200000a4   0x0000001c   Data   RW         3145    .data               heap_4.o
    0x200000c0   0x00000004   Data   RW         3204    .data               gui.o
    0x200000c4   0x000000c8   Zero   RW          643    .bss                usart.o
    0x2000018c   0x00000040   Zero   RW         2339    .bss                queue.o
    0x200001cc   0x000000c8   Zero   RW         2581    .bss                tasks.o
    0x20000294   0x00000028   Zero   RW         2912    .bss                timers.o
    0x200002bc   0x00012c00   Zero   RW         3144    .bss                heap_4.o
    0x20012ebc   0x00000060   Zero   RW         3294    .bss                c_w.l(libspace.o)
    0x20012f1c   0x00000004   PAD
    0x20012f20   0x00000200   Zero   RW          687    HEAP                startup_stm32f40_41xxx.o
    0x20013120   0x00000400   Zero   RW          686    STACK               startup_stm32f40_41xxx.o


==============================================================================

Image component sizes


      Code (inc. data)   RO Data    RW Data    ZI Data      Debug   Object Name

       192         12          0          4          0       1948   delay.o
         0          0          0          0          0      14628   event_groups.o
       648         62     156800          4          0       3263   gui.o
       656         58          0         28      76800       5147   heap_4.o
       168         16          0          1          0       1190   key.o
      1874         38      14620          0          0      13659   lcd.o
        64          4          0          0          0        539   led.o
       148          0          0          0          0       3298   list.o
      1336        278          0         32          0     291635   main.o
        40          0          0          0          0        542   misc.o
       894         78          0         12          0      10804   port.o
       160         10          0          0          0        772   pwm.o
      1088         16          0          0         64      12151   queue.o
       292         20          0          0          0       1817   spi.o
        64         26        392          0       1536        848   startup_stm32f40_41xxx.o
       240          0          0          0          0       3511   stm32f4xx_gpio.o
        20          0          0          0          0       2745   stm32f4xx_it.o
       128         24          0          0          0       2372   stm32f4xx_rcc.o
       112          0          0          0          0       3486   stm32f4xx_spi.o
       326         38          0          0          0       4291   stm32f4xx_tim.o
        94          0          0          0          0       1976   stm32f4xx_usart.o
       340         32          0         20          0       1765   system_stm32f4xx.o
      3358        390          0         64        200      28702   tasks.o
       962        110          0         20         40      25472   timers.o
       140         14          0          6        200       2964   usart.o

    ----------------------------------------------------------------------
     13364       1226     171846        196      78840     439525   Object Totals
         0          0         32          0          0          0   (incl. Generated)
        20          0          2          5          0          0   (incl. Padding)

    ----------------------------------------------------------------------

      Code (inc. data)   RO Data    RW Data    ZI Data      Debug   Library Member Name

         8          0          0          0          0         68   __main.o
         0          0          0          0          0          0   __rtentry.o
        12          0          0          0          0          0   __rtentry2.o
         6          0          0          0          0          0   __rtentry4.o
        52          8          0          0          0          0   __scatter.o
        26          0          0          0          0          0   __scatter_copy.o
        28          0          0          0          0          0   __scatter_zi.o
        16          0          0          0          0         68   aeabi_memset.o
        12          0          0          0          0         72   exit.o
         6          0          0          0          0        152   heapauxi.o
         2          0          0          0          0          0   libinit.o
         6          0          0          0          0          0   libinit2.o
         2          0          0          0          0          0   libshutdown.o
         2          0          0          0          0          0   libshutdown2.o
         8          4          0          0         96         68   libspace.o
        68          0          0          0          0         68   rt_memclr.o
        78          0          0          0          0         80   rt_memclr_w.o
       138          0          0          0          0         68   rt_memcpy_v6.o
       100          0          0          0          0         80   rt_memcpy_w.o
         2          0          0          0          0          0   rtexit.o
        10          0          0          0          0          0   rtexit2.o
        74          0          0          0          0         80   sys_stackheap_outer.o
         2          0          0          0          0         68   use_no_semi.o
         2          0          0          0          0         68   use_no_semi_2.o
        10          0          0          0          0        116   fpinit.o

    ----------------------------------------------------------------------
       674         12          0          0        100       1056   Library Totals
         4          0          0          0          4          0   (incl. Padding)

    ----------------------------------------------------------------------

      Code (inc. data)   RO Data    RW Data    ZI Data      Debug   Library Name

       660         12          0          0         96        940   c_w.l
        10          0          0          0          0        116   fz_wm.l

    ----------------------------------------------------------------------
       674         12          0          0        100       1056   Library Totals

    ----------------------------------------------------------------------

==============================================================================


      Code (inc. data)   RO Data    RW Data    ZI Data      Debug   

     14038       1238     171846        196      78940     427265   Grand Totals
     14038       1238     171846        196      78940     427265   ELF Image Totals
     14038       1238     171846        196          0          0   ROM Totals

==============================================================================

    Total RO  Size (Code + RO Data)               185884 ( 181.53kB)
    Total RW  Size (RW Data + ZI Data)             79136 (  77.28kB)
    Total ROM Size (Code + RO Data + RW Data)     186080 ( 181.72kB)

==============================================================================

